Archive member included to satisfy reference by file (symbol)

.\CortexM3\ARM_GCC_541\Debug\RowelFut.a(CyLib.o)
                              .\CortexM3\ARM_GCC_541\Debug\Cm3Start.o (CyHalt)
.\CortexM3\ARM_GCC_541\Debug\RowelFut.a(cyPm.o)
                              .\CortexM3\ARM_GCC_541\Debug\RowelFut.a(CyLib.o) (CyPmReadStatus)
.\CortexM3\ARM_GCC_541\Debug\RowelFut.a(LED.o)
                              .\CortexM3\ARM_GCC_541\Debug\main.o (LED_Write)
.\CortexM3\ARM_GCC_541\Debug\RowelFut.a(Motor2.o)
                              .\CortexM3\ARM_GCC_541\Debug\main.o (Motor2_Write)
.\CortexM3\ARM_GCC_541\Debug\RowelFut.a(Motor1.o)
                              .\CortexM3\ARM_GCC_541\Debug\main.o (Motor1_Write)
.\CortexM3\ARM_GCC_541\Debug\RowelFut.a(detectorFaseM1.o)
                              .\CortexM3\ARM_GCC_541\Debug\main.o (detectorFaseM1_Read)
.\CortexM3\ARM_GCC_541\Debug\RowelFut.a(faseM1.o)
                              .\CortexM3\ARM_GCC_541\Debug\main.o (faseM1_StartEx)
.\CortexM3\ARM_GCC_541\Debug\RowelFut.a(sentidodegiroM1.o)
                              .\CortexM3\ARM_GCC_541\Debug\main.o (sentidodegiroM1_Write)
.\CortexM3\ARM_GCC_541\Debug\RowelFut.a(PWM1.o)
                              .\CortexM3\ARM_GCC_541\Debug\main.o (PWM1_WritePeriod)
.\CortexM3\ARM_GCC_541\Debug\RowelFut.a(PWM1_PM.o)
                              .\CortexM3\ARM_GCC_541\Debug\main.o (PWM1_Sleep)
.\CortexM3\ARM_GCC_541\Debug\RowelFut.a(PWM2.o)
                              .\CortexM3\ARM_GCC_541\Debug\main.o (PWM2_WritePeriod)
.\CortexM3\ARM_GCC_541\Debug\RowelFut.a(PWM2_PM.o)
                              .\CortexM3\ARM_GCC_541\Debug\main.o (PWM2_Sleep)
.\CortexM3\ARM_GCC_541\Debug\RowelFut.a(detectorFaseM2.o)
                              .\CortexM3\ARM_GCC_541\Debug\main.o (detectorFaseM2_Read)
.\CortexM3\ARM_GCC_541\Debug\RowelFut.a(faseM2.o)
                              .\CortexM3\ARM_GCC_541\Debug\main.o (faseM2_StartEx)
.\CortexM3\ARM_GCC_541\Debug\RowelFut.a(sentidodegiroM2.o)
                              .\CortexM3\ARM_GCC_541\Debug\main.o (sentidodegiroM2_Write)
.\CortexM3\ARM_GCC_541\Debug\RowelFut.a(CyBootAsmGnu.o)
                              .\CortexM3\ARM_GCC_541\Debug\cyfitter_cfg.o (CyDelayCycles)
.\CortexM3\ARM_GCC_541\Debug\RowelFut.a(CyFlash.o)
                              .\CortexM3\ARM_GCC_541\Debug\RowelFut.a(cyPm.o) (CyFlash_SetWaitCycles)
.\CortexM3\ARM_GCC_541\Debug\RowelFut.a(CySpc.o)
                              .\CortexM3\ARM_GCC_541\Debug\RowelFut.a(CyFlash.o) (CySpcStart)
i:/programas/x86/cypress/psoc creator/4.1/psoc creator/import/gnu/arm/5.4.1/bin/../lib/gcc/arm-none-eabi/5.4.1/../../../../arm-none-eabi/lib/armv7-m\libg_nano.a(lib_a-errno.o)
                              .\CortexM3\ARM_GCC_541\Debug\Cm3Start.o (__errno)
i:/programas/x86/cypress/psoc creator/4.1/psoc creator/import/gnu/arm/5.4.1/bin/../lib/gcc/arm-none-eabi/5.4.1/../../../../arm-none-eabi/lib/armv7-m\libg_nano.a(lib_a-exit.o)
                              i:/programas/x86/cypress/psoc creator/4.1/psoc creator/import/gnu/arm/5.4.1/bin/../lib/gcc/arm-none-eabi/5.4.1/../../../../arm-none-eabi/lib/armv7-m/crt0.o (exit)
i:/programas/x86/cypress/psoc creator/4.1/psoc creator/import/gnu/arm/5.4.1/bin/../lib/gcc/arm-none-eabi/5.4.1/../../../../arm-none-eabi/lib/armv7-m\libg_nano.a(lib_a-impure.o)
                              i:/programas/x86/cypress/psoc creator/4.1/psoc creator/import/gnu/arm/5.4.1/bin/../lib/gcc/arm-none-eabi/5.4.1/../../../../arm-none-eabi/lib/armv7-m\libg_nano.a(lib_a-exit.o) (_global_impure_ptr)
i:/programas/x86/cypress/psoc creator/4.1/psoc creator/import/gnu/arm/5.4.1/bin/../lib/gcc/arm-none-eabi/5.4.1/../../../../arm-none-eabi/lib/armv7-m\libg_nano.a(lib_a-init.o)
                              i:/programas/x86/cypress/psoc creator/4.1/psoc creator/import/gnu/arm/5.4.1/bin/../lib/gcc/arm-none-eabi/5.4.1/../../../../arm-none-eabi/lib/armv7-m/crt0.o (__libc_init_array)
i:/programas/x86/cypress/psoc creator/4.1/psoc creator/import/gnu/arm/5.4.1/bin/../lib/gcc/arm-none-eabi/5.4.1/../../../../arm-none-eabi/lib/armv7-m\libg_nano.a(lib_a-memcpy-stub.o)
                              .\CortexM3\ARM_GCC_541\Debug\cyfitter_cfg.o (memcpy)
i:/programas/x86/cypress/psoc creator/4.1/psoc creator/import/gnu/arm/5.4.1/bin/../lib/gcc/arm-none-eabi/5.4.1/../../../../arm-none-eabi/lib/armv7-m\libg_nano.a(lib_a-memset.o)
                              i:/programas/x86/cypress/psoc creator/4.1/psoc creator/import/gnu/arm/5.4.1/bin/../lib/gcc/arm-none-eabi/5.4.1/../../../../arm-none-eabi/lib/armv7-m/crt0.o (memset)

Allocating common symbols
Common symbol       size              file

Periodo             0x2               .\CortexM3\ARM_GCC_541\Debug\main.o
iniciarPWM          0x1               .\CortexM3\ARM_GCC_541\Debug\main.o
faseMotor1          0x4               .\CortexM3\ARM_GCC_541\Debug\main.o
p                   0x2               .\CortexM3\ARM_GCC_541\Debug\main.o
P_teclado1          0x2               .\CortexM3\ARM_GCC_541\Debug\main.o
sentidoGiro         0x1               .\CortexM3\ARM_GCC_541\Debug\main.o
faseMotor2          0x4               .\CortexM3\ARM_GCC_541\Debug\main.o
jugador             0x1               .\CortexM3\ARM_GCC_541\Debug\main.o
tiempoReposoMotores
                    0x2               .\CortexM3\ARM_GCC_541\Debug\main.o
P_teclado           0x2               .\CortexM3\ARM_GCC_541\Debug\main.o
P_teclado2          0x2               .\CortexM3\ARM_GCC_541\Debug\main.o
a                   0x2               .\CortexM3\ARM_GCC_541\Debug\main.o
e                   0x2               .\CortexM3\ARM_GCC_541\Debug\main.o
M1                  0x2               .\CortexM3\ARM_GCC_541\Debug\main.o
dieTemperature      0x2               .\CortexM3\ARM_GCC_541\Debug\RowelFut.a(CyFlash.o)
M2                  0x2               .\CortexM3\ARM_GCC_541\Debug\main.o
testigoPWM          0x1               .\CortexM3\ARM_GCC_541\Debug\main.o

Discarded input sections

 .text          0x00000000        0x0 i:/programas/x86/cypress/psoc creator/4.1/psoc creator/import/gnu/arm/5.4.1/bin/../lib/gcc/arm-none-eabi/5.4.1/armv7-m/crti.o
 .data          0x00000000        0x0 i:/programas/x86/cypress/psoc creator/4.1/psoc creator/import/gnu/arm/5.4.1/bin/../lib/gcc/arm-none-eabi/5.4.1/armv7-m/crti.o
 .bss           0x00000000        0x0 i:/programas/x86/cypress/psoc creator/4.1/psoc creator/import/gnu/arm/5.4.1/bin/../lib/gcc/arm-none-eabi/5.4.1/armv7-m/crti.o
 .data          0x00000000        0x4 i:/programas/x86/cypress/psoc creator/4.1/psoc creator/import/gnu/arm/5.4.1/bin/../lib/gcc/arm-none-eabi/5.4.1/armv7-m/crtbegin.o
 .text          0x00000000       0x74 i:/programas/x86/cypress/psoc creator/4.1/psoc creator/import/gnu/arm/5.4.1/bin/../lib/gcc/arm-none-eabi/5.4.1/../../../../arm-none-eabi/lib/armv7-m/crt0.o
 .data          0x00000000        0x0 i:/programas/x86/cypress/psoc creator/4.1/psoc creator/import/gnu/arm/5.4.1/bin/../lib/gcc/arm-none-eabi/5.4.1/../../../../arm-none-eabi/lib/armv7-m/crt0.o
 .bss           0x00000000        0x0 i:/programas/x86/cypress/psoc creator/4.1/psoc creator/import/gnu/arm/5.4.1/bin/../lib/gcc/arm-none-eabi/5.4.1/../../../../arm-none-eabi/lib/armv7-m/crt0.o
 .ARM.extab     0x00000000        0x0 i:/programas/x86/cypress/psoc creator/4.1/psoc creator/import/gnu/arm/5.4.1/bin/../lib/gcc/arm-none-eabi/5.4.1/../../../../arm-none-eabi/lib/armv7-m/crt0.o
 .ARM.exidx     0x00000000        0x8 i:/programas/x86/cypress/psoc creator/4.1/psoc creator/import/gnu/arm/5.4.1/bin/../lib/gcc/arm-none-eabi/5.4.1/../../../../arm-none-eabi/lib/armv7-m/crt0.o
 .text          0x00000000        0x0 .\CortexM3\ARM_GCC_541\Debug\main.o
 .data          0x00000000        0x0 .\CortexM3\ARM_GCC_541\Debug\main.o
 .text          0x00000000        0x0 .\CortexM3\ARM_GCC_541\Debug\cyfitter_cfg.o
 .data          0x00000000        0x0 .\CortexM3\ARM_GCC_541\Debug\cyfitter_cfg.o
 .bss           0x00000000        0x0 .\CortexM3\ARM_GCC_541\Debug\cyfitter_cfg.o
 .text.SetAnalogRoutingPumps
                0x00000000       0x10 .\CortexM3\ARM_GCC_541\Debug\cyfitter_cfg.o
 .text          0x00000000        0x0 .\CortexM3\ARM_GCC_541\Debug\cymetadata.o
 .data          0x00000000        0x0 .\CortexM3\ARM_GCC_541\Debug\cymetadata.o
 .bss           0x00000000        0x0 .\CortexM3\ARM_GCC_541\Debug\cymetadata.o
 .text          0x00000000        0x0 .\CortexM3\ARM_GCC_541\Debug\Cm3Start.o
 .data          0x00000000        0x4 .\CortexM3\ARM_GCC_541\Debug\Cm3Start.o
 .bss           0x00000000        0x0 .\CortexM3\ARM_GCC_541\Debug\Cm3Start.o
 .text._exit    0x00000000        0xc .\CortexM3\ARM_GCC_541\Debug\Cm3Start.o
 .text._sbrk    0x00000000       0x30 .\CortexM3\ARM_GCC_541\Debug\Cm3Start.o
 .text          0x00000000        0x0 .\CortexM3\ARM_GCC_541\Debug\RowelFut.a(CyLib.o)
 .bss           0x00000000       0x1c .\CortexM3\ARM_GCC_541\Debug\RowelFut.a(CyLib.o)
 .text.CyUSB_PowerOnCheck
                0x00000000       0x48 .\CortexM3\ARM_GCC_541\Debug\RowelFut.a(CyLib.o)
 .text.CyBusClk_Internal_SetDivider
                0x00000000       0x48 .\CortexM3\ARM_GCC_541\Debug\RowelFut.a(CyLib.o)
 .text.CyPLL_OUT_Stop
                0x00000000       0x10 .\CortexM3\ARM_GCC_541\Debug\RowelFut.a(CyLib.o)
 .text.CyIMO_Stop
                0x00000000       0x1c .\CortexM3\ARM_GCC_541\Debug\RowelFut.a(CyLib.o)
 .text.CyIMO_EnableDoubler
                0x00000000       0x10 .\CortexM3\ARM_GCC_541\Debug\RowelFut.a(CyLib.o)
 .text.CyIMO_DisableDoubler
                0x00000000       0x10 .\CortexM3\ARM_GCC_541\Debug\RowelFut.a(CyLib.o)
 .text.CyMasterClk_SetSource
                0x00000000       0x18 .\CortexM3\ARM_GCC_541\Debug\RowelFut.a(CyLib.o)
 .text.CyMasterClk_SetDivider
                0x00000000        0xc .\CortexM3\ARM_GCC_541\Debug\RowelFut.a(CyLib.o)
 .text.CyBusClk_SetDivider
                0x00000000       0x70 .\CortexM3\ARM_GCC_541\Debug\RowelFut.a(CyLib.o)
 .text.CyUsbClk_SetSource
                0x00000000       0x18 .\CortexM3\ARM_GCC_541\Debug\RowelFut.a(CyLib.o)
 .text.CyILO_Start1K
                0x00000000       0x10 .\CortexM3\ARM_GCC_541\Debug\RowelFut.a(CyLib.o)
 .text.CyILO_Stop1K
                0x00000000       0x10 .\CortexM3\ARM_GCC_541\Debug\RowelFut.a(CyLib.o)
 .text.CyILO_Start100K
                0x00000000       0x10 .\CortexM3\ARM_GCC_541\Debug\RowelFut.a(CyLib.o)
 .text.CyILO_Stop100K
                0x00000000       0x10 .\CortexM3\ARM_GCC_541\Debug\RowelFut.a(CyLib.o)
 .text.CyPLL_OUT_Start
                0x00000000       0x78 .\CortexM3\ARM_GCC_541\Debug\RowelFut.a(CyLib.o)
 .text.CyIMO_Start
                0x00000000       0x60 .\CortexM3\ARM_GCC_541\Debug\RowelFut.a(CyLib.o)
 .text.CyILO_Enable33K
                0x00000000       0x10 .\CortexM3\ARM_GCC_541\Debug\RowelFut.a(CyLib.o)
 .text.CyILO_Disable33K
                0x00000000       0x10 .\CortexM3\ARM_GCC_541\Debug\RowelFut.a(CyLib.o)
 .text.CyILO_SetSource
                0x00000000       0x18 .\CortexM3\ARM_GCC_541\Debug\RowelFut.a(CyLib.o)
 .text.CyILO_SetPowerMode
                0x00000000       0x24 .\CortexM3\ARM_GCC_541\Debug\RowelFut.a(CyLib.o)
 .text.CyXTAL_32KHZ_Stop
                0x00000000       0x30 .\CortexM3\ARM_GCC_541\Debug\RowelFut.a(CyLib.o)
 .text.CyXTAL_32KHZ_ReadStatus
                0x00000000       0x10 .\CortexM3\ARM_GCC_541\Debug\RowelFut.a(CyLib.o)
 .text.CyXTAL_Start
                0x00000000       0xac .\CortexM3\ARM_GCC_541\Debug\RowelFut.a(CyLib.o)
 .text.CyXTAL_Stop
                0x00000000       0x10 .\CortexM3\ARM_GCC_541\Debug\RowelFut.a(CyLib.o)
 .text.CyXTAL_EnableErrStatus
                0x00000000       0x10 .\CortexM3\ARM_GCC_541\Debug\RowelFut.a(CyLib.o)
 .text.CyXTAL_DisableErrStatus
                0x00000000       0x10 .\CortexM3\ARM_GCC_541\Debug\RowelFut.a(CyLib.o)
 .text.CyXTAL_ReadStatus
                0x00000000       0x18 .\CortexM3\ARM_GCC_541\Debug\RowelFut.a(CyLib.o)
 .text.CyXTAL_EnableFaultRecovery
                0x00000000       0x10 .\CortexM3\ARM_GCC_541\Debug\RowelFut.a(CyLib.o)
 .text.CyXTAL_DisableFaultRecovery
                0x00000000       0x10 .\CortexM3\ARM_GCC_541\Debug\RowelFut.a(CyLib.o)
 .text.CyXTAL_SetStartup
                0x00000000       0x18 .\CortexM3\ARM_GCC_541\Debug\RowelFut.a(CyLib.o)
 .text.CyXTAL_SetFbVoltage
                0x00000000       0x18 .\CortexM3\ARM_GCC_541\Debug\RowelFut.a(CyLib.o)
 .text.CyXTAL_SetWdVoltage
                0x00000000       0x18 .\CortexM3\ARM_GCC_541\Debug\RowelFut.a(CyLib.o)
 .text.CyHalt   0x00000000        0x4 .\CortexM3\ARM_GCC_541\Debug\RowelFut.a(CyLib.o)
 .text.CyPLL_OUT_SetPQ
                0x00000000       0x60 .\CortexM3\ARM_GCC_541\Debug\RowelFut.a(CyLib.o)
 .text.CyPLL_OUT_SetSource
                0x00000000       0x34 .\CortexM3\ARM_GCC_541\Debug\RowelFut.a(CyLib.o)
 .text.CyIMO_SetTrimValue
                0x00000000       0xcc .\CortexM3\ARM_GCC_541\Debug\RowelFut.a(CyLib.o)
 .text.CyIMO_SetFreq
                0x00000000       0xf4 .\CortexM3\ARM_GCC_541\Debug\RowelFut.a(CyLib.o)
 .text.CyIMO_SetSource
                0x00000000       0x58 .\CortexM3\ARM_GCC_541\Debug\RowelFut.a(CyLib.o)
 .text.CySoftwareReset
                0x00000000       0x10 .\CortexM3\ARM_GCC_541\Debug\RowelFut.a(CyLib.o)
 .text.CyDelayUs
                0x00000000       0x14 .\CortexM3\ARM_GCC_541\Debug\RowelFut.a(CyLib.o)
 .text.CyXTAL_32KHZ_SetPowerMode
                0x00000000       0x84 .\CortexM3\ARM_GCC_541\Debug\RowelFut.a(CyLib.o)
 .text.CyXTAL_32KHZ_Start
                0x00000000       0x74 .\CortexM3\ARM_GCC_541\Debug\RowelFut.a(CyLib.o)
 .text.CyDelayFreq
                0x00000000       0x4c .\CortexM3\ARM_GCC_541\Debug\RowelFut.a(CyLib.o)
 .text.CyWdtStart
                0x00000000       0x40 .\CortexM3\ARM_GCC_541\Debug\RowelFut.a(CyLib.o)
 .text.CyWdtClear
                0x00000000        0xc .\CortexM3\ARM_GCC_541\Debug\RowelFut.a(CyLib.o)
 .text.CyVdStickyStatus
                0x00000000       0x2c .\CortexM3\ARM_GCC_541\Debug\RowelFut.a(CyLib.o)
 .text.CyVdLvDigitEnable
                0x00000000       0x84 .\CortexM3\ARM_GCC_541\Debug\RowelFut.a(CyLib.o)
 .text.CyVdLvAnalogEnable
                0x00000000       0x80 .\CortexM3\ARM_GCC_541\Debug\RowelFut.a(CyLib.o)
 .text.CyVdLvDigitDisable
                0x00000000       0x30 .\CortexM3\ARM_GCC_541\Debug\RowelFut.a(CyLib.o)
 .text.CyVdLvAnalogDisable
                0x00000000       0x28 .\CortexM3\ARM_GCC_541\Debug\RowelFut.a(CyLib.o)
 .text.CyVdHvAnalogEnable
                0x00000000       0x54 .\CortexM3\ARM_GCC_541\Debug\RowelFut.a(CyLib.o)
 .text.CyVdHvAnalogDisable
                0x00000000       0x20 .\CortexM3\ARM_GCC_541\Debug\RowelFut.a(CyLib.o)
 .text.CyVdRealTimeStatus
                0x00000000       0x1c .\CortexM3\ARM_GCC_541\Debug\RowelFut.a(CyLib.o)
 .text.CyDisableInts
                0x00000000       0x1c .\CortexM3\ARM_GCC_541\Debug\RowelFut.a(CyLib.o)
 .text.CyEnableInts
                0x00000000       0x18 .\CortexM3\ARM_GCC_541\Debug\RowelFut.a(CyLib.o)
 .text.CyFlushCache
                0x00000000       0x44 .\CortexM3\ARM_GCC_541\Debug\RowelFut.a(CyLib.o)
 .text.CyIntSetSysVector
                0x00000000       0x28 .\CortexM3\ARM_GCC_541\Debug\RowelFut.a(CyLib.o)
 .text.CyIntGetSysVector
                0x00000000       0x20 .\CortexM3\ARM_GCC_541\Debug\RowelFut.a(CyLib.o)
 .text.CyIntSetVector
                0x00000000       0x28 .\CortexM3\ARM_GCC_541\Debug\RowelFut.a(CyLib.o)
 .text.CyIntGetVector
                0x00000000       0x24 .\CortexM3\ARM_GCC_541\Debug\RowelFut.a(CyLib.o)
 .text.CyIntSetPriority
                0x00000000       0x30 .\CortexM3\ARM_GCC_541\Debug\RowelFut.a(CyLib.o)
 .text.CyIntGetPriority
                0x00000000       0x20 .\CortexM3\ARM_GCC_541\Debug\RowelFut.a(CyLib.o)
 .text.CyIntGetState
                0x00000000       0x24 .\CortexM3\ARM_GCC_541\Debug\RowelFut.a(CyLib.o)
 .text.CySysTickStop
                0x00000000       0x10 .\CortexM3\ARM_GCC_541\Debug\RowelFut.a(CyLib.o)
 .text.CySysTickEnableInterrupt
                0x00000000       0x10 .\CortexM3\ARM_GCC_541\Debug\RowelFut.a(CyLib.o)
 .text.CySysTickEnable
                0x00000000       0x18 .\CortexM3\ARM_GCC_541\Debug\RowelFut.a(CyLib.o)
 .text.CySysTickDisableInterrupt
                0x00000000       0x10 .\CortexM3\ARM_GCC_541\Debug\RowelFut.a(CyLib.o)
 .text.CySysTickSetReload
                0x00000000       0x10 .\CortexM3\ARM_GCC_541\Debug\RowelFut.a(CyLib.o)
 .text.CySysTickGetReload
                0x00000000       0x10 .\CortexM3\ARM_GCC_541\Debug\RowelFut.a(CyLib.o)
 .text.CySysTickGetValue
                0x00000000       0x10 .\CortexM3\ARM_GCC_541\Debug\RowelFut.a(CyLib.o)
 .text.CySysTickSetClockSource
                0x00000000       0x20 .\CortexM3\ARM_GCC_541\Debug\RowelFut.a(CyLib.o)
 .text.CySysTickGetClockSource
                0x00000000       0x10 .\CortexM3\ARM_GCC_541\Debug\RowelFut.a(CyLib.o)
 .text.CySysTickGetCountFlag
                0x00000000       0x10 .\CortexM3\ARM_GCC_541\Debug\RowelFut.a(CyLib.o)
 .text.CySysTickServiceCallbacks
                0x00000000       0x28 .\CortexM3\ARM_GCC_541\Debug\RowelFut.a(CyLib.o)
 .text.CySysTickClear
                0x00000000        0xc .\CortexM3\ARM_GCC_541\Debug\RowelFut.a(CyLib.o)
 .text.CySysTickInit
                0x00000000       0x58 .\CortexM3\ARM_GCC_541\Debug\RowelFut.a(CyLib.o)
 .text.CySysTickStart
                0x00000000       0x1c .\CortexM3\ARM_GCC_541\Debug\RowelFut.a(CyLib.o)
 .text.CySysTickSetCallback
                0x00000000       0x10 .\CortexM3\ARM_GCC_541\Debug\RowelFut.a(CyLib.o)
 .text.CySysTickGetCallback
                0x00000000       0x10 .\CortexM3\ARM_GCC_541\Debug\RowelFut.a(CyLib.o)
 .text.CyGetUniqueId
                0x00000000       0x70 .\CortexM3\ARM_GCC_541\Debug\RowelFut.a(CyLib.o)
 .text          0x00000000        0x0 .\CortexM3\ARM_GCC_541\Debug\RowelFut.a(cyPm.o)
 .data          0x00000000        0x0 .\CortexM3\ARM_GCC_541\Debug\RowelFut.a(cyPm.o)
 .bss           0x00000000       0x43 .\CortexM3\ARM_GCC_541\Debug\RowelFut.a(cyPm.o)
 .text.CyPmHibSlpSaveSet
                0x00000000      0x1dc .\CortexM3\ARM_GCC_541\Debug\RowelFut.a(cyPm.o)
 .text.CyPmHibSlpRestore
                0x00000000       0xd8 .\CortexM3\ARM_GCC_541\Debug\RowelFut.a(cyPm.o)
 .text.CyPmHviLviSaveDisable
                0x00000000       0xa0 .\CortexM3\ARM_GCC_541\Debug\RowelFut.a(cyPm.o)
 .text.CyPmHibSaveSet
                0x00000000       0x98 .\CortexM3\ARM_GCC_541\Debug\RowelFut.a(cyPm.o)
 .text.CyPmHviLviRestore
                0x00000000       0x48 .\CortexM3\ARM_GCC_541\Debug\RowelFut.a(cyPm.o)
 .text.CyPmHibRestore
                0x00000000       0x60 .\CortexM3\ARM_GCC_541\Debug\RowelFut.a(cyPm.o)
 .text.CyPmSaveClocks
                0x00000000      0x218 .\CortexM3\ARM_GCC_541\Debug\RowelFut.a(cyPm.o)
 .text.CyPmRestoreClocks
                0x00000000      0x24c .\CortexM3\ARM_GCC_541\Debug\RowelFut.a(cyPm.o)
 .text.CyPmAltAct
                0x00000000       0x6c .\CortexM3\ARM_GCC_541\Debug\RowelFut.a(cyPm.o)
 .text.CyPmSleep
                0x00000000       0xf4 .\CortexM3\ARM_GCC_541\Debug\RowelFut.a(cyPm.o)
 .text.CyPmHibernateEx
                0x00000000       0xf4 .\CortexM3\ARM_GCC_541\Debug\RowelFut.a(cyPm.o)
 .text.CyPmHibernate
                0x00000000        0xc .\CortexM3\ARM_GCC_541\Debug\RowelFut.a(cyPm.o)
 .text.CyPmReadStatus
                0x00000000       0x30 .\CortexM3\ARM_GCC_541\Debug\RowelFut.a(cyPm.o)
 .text.CyPmCtwSetInterval
                0x00000000       0x5c .\CortexM3\ARM_GCC_541\Debug\RowelFut.a(cyPm.o)
 .text.CyPmOppsSet
                0x00000000       0x2c .\CortexM3\ARM_GCC_541\Debug\RowelFut.a(cyPm.o)
 .text.CyPmFtwSetInterval
                0x00000000       0x5c .\CortexM3\ARM_GCC_541\Debug\RowelFut.a(cyPm.o)
 .rodata        0x00000000        0xf .\CortexM3\ARM_GCC_541\Debug\RowelFut.a(cyPm.o)
 .text          0x00000000        0x0 .\CortexM3\ARM_GCC_541\Debug\RowelFut.a(LED.o)
 .data          0x00000000        0x0 .\CortexM3\ARM_GCC_541\Debug\RowelFut.a(LED.o)
 .bss           0x00000000        0x0 .\CortexM3\ARM_GCC_541\Debug\RowelFut.a(LED.o)
 .text.LED_SetDriveMode
                0x00000000       0x18 .\CortexM3\ARM_GCC_541\Debug\RowelFut.a(LED.o)
 .text.LED_Read
                0x00000000       0x10 .\CortexM3\ARM_GCC_541\Debug\RowelFut.a(LED.o)
 .text.LED_ReadDataReg
                0x00000000       0x10 .\CortexM3\ARM_GCC_541\Debug\RowelFut.a(LED.o)
 .text          0x00000000        0x0 .\CortexM3\ARM_GCC_541\Debug\RowelFut.a(Motor2.o)
 .data          0x00000000        0x0 .\CortexM3\ARM_GCC_541\Debug\RowelFut.a(Motor2.o)
 .bss           0x00000000        0x0 .\CortexM3\ARM_GCC_541\Debug\RowelFut.a(Motor2.o)
 .text.Motor2_SetDriveMode
                0x00000000       0x24 .\CortexM3\ARM_GCC_541\Debug\RowelFut.a(Motor2.o)
 .text.Motor2_Read
                0x00000000       0x10 .\CortexM3\ARM_GCC_541\Debug\RowelFut.a(Motor2.o)
 .text.Motor2_ReadDataReg
                0x00000000       0x10 .\CortexM3\ARM_GCC_541\Debug\RowelFut.a(Motor2.o)
 .text          0x00000000        0x0 .\CortexM3\ARM_GCC_541\Debug\RowelFut.a(Motor1.o)
 .data          0x00000000        0x0 .\CortexM3\ARM_GCC_541\Debug\RowelFut.a(Motor1.o)
 .bss           0x00000000        0x0 .\CortexM3\ARM_GCC_541\Debug\RowelFut.a(Motor1.o)
 .text.Motor1_SetDriveMode
                0x00000000       0x24 .\CortexM3\ARM_GCC_541\Debug\RowelFut.a(Motor1.o)
 .text.Motor1_Read
                0x00000000       0x10 .\CortexM3\ARM_GCC_541\Debug\RowelFut.a(Motor1.o)
 .text.Motor1_ReadDataReg
                0x00000000       0x10 .\CortexM3\ARM_GCC_541\Debug\RowelFut.a(Motor1.o)
 .text          0x00000000        0x0 .\CortexM3\ARM_GCC_541\Debug\RowelFut.a(detectorFaseM1.o)
 .data          0x00000000        0x0 .\CortexM3\ARM_GCC_541\Debug\RowelFut.a(detectorFaseM1.o)
 .bss           0x00000000        0x0 .\CortexM3\ARM_GCC_541\Debug\RowelFut.a(detectorFaseM1.o)
 .text.detectorFaseM1_Write
                0x00000000       0x18 .\CortexM3\ARM_GCC_541\Debug\RowelFut.a(detectorFaseM1.o)
 .text.detectorFaseM1_SetDriveMode
                0x00000000       0x30 .\CortexM3\ARM_GCC_541\Debug\RowelFut.a(detectorFaseM1.o)
 .text.detectorFaseM1_ReadDataReg
                0x00000000       0x10 .\CortexM3\ARM_GCC_541\Debug\RowelFut.a(detectorFaseM1.o)
 .text.detectorFaseM1_SetInterruptMode
                0x00000000       0x38 .\CortexM3\ARM_GCC_541\Debug\RowelFut.a(detectorFaseM1.o)
 .text          0x00000000        0x0 .\CortexM3\ARM_GCC_541\Debug\RowelFut.a(faseM1.o)
 .data          0x00000000        0x0 .\CortexM3\ARM_GCC_541\Debug\RowelFut.a(faseM1.o)
 .bss           0x00000000        0x0 .\CortexM3\ARM_GCC_541\Debug\RowelFut.a(faseM1.o)
 .text.faseM1_Interrupt
                0x00000000        0x4 .\CortexM3\ARM_GCC_541\Debug\RowelFut.a(faseM1.o)
 .text.faseM1_GetVector
                0x00000000        0xc .\CortexM3\ARM_GCC_541\Debug\RowelFut.a(faseM1.o)
 .text.faseM1_GetPriority
                0x00000000        0xc .\CortexM3\ARM_GCC_541\Debug\RowelFut.a(faseM1.o)
 .text.faseM1_GetState
                0x00000000       0x18 .\CortexM3\ARM_GCC_541\Debug\RowelFut.a(faseM1.o)
 .text.faseM1_Start
                0x00000000       0x1c .\CortexM3\ARM_GCC_541\Debug\RowelFut.a(faseM1.o)
 .text.faseM1_Stop
                0x00000000       0x14 .\CortexM3\ARM_GCC_541\Debug\RowelFut.a(faseM1.o)
 .text.faseM1_SetPending
                0x00000000        0xc .\CortexM3\ARM_GCC_541\Debug\RowelFut.a(faseM1.o)
 .text.faseM1_ClearPending
                0x00000000        0xc .\CortexM3\ARM_GCC_541\Debug\RowelFut.a(faseM1.o)
 .text          0x00000000        0x0 .\CortexM3\ARM_GCC_541\Debug\RowelFut.a(sentidodegiroM1.o)
 .data          0x00000000        0x0 .\CortexM3\ARM_GCC_541\Debug\RowelFut.a(sentidodegiroM1.o)
 .bss           0x00000000        0x0 .\CortexM3\ARM_GCC_541\Debug\RowelFut.a(sentidodegiroM1.o)
 .text.sentidodegiroM1_SetDriveMode
                0x00000000       0x24 .\CortexM3\ARM_GCC_541\Debug\RowelFut.a(sentidodegiroM1.o)
 .text.sentidodegiroM1_ReadDataReg
                0x00000000       0x10 .\CortexM3\ARM_GCC_541\Debug\RowelFut.a(sentidodegiroM1.o)
 .text          0x00000000        0x0 .\CortexM3\ARM_GCC_541\Debug\RowelFut.a(PWM1.o)
 .data          0x00000000        0x0 .\CortexM3\ARM_GCC_541\Debug\RowelFut.a(PWM1.o)
 .text.PWM1_ReadCapture
                0x00000000        0xc .\CortexM3\ARM_GCC_541\Debug\RowelFut.a(PWM1.o)
 .text.PWM1_ReadCompare
                0x00000000        0xc .\CortexM3\ARM_GCC_541\Debug\RowelFut.a(PWM1.o)
 .text          0x00000000        0x0 .\CortexM3\ARM_GCC_541\Debug\RowelFut.a(PWM1_PM.o)
 .data          0x00000000        0x0 .\CortexM3\ARM_GCC_541\Debug\RowelFut.a(PWM1_PM.o)
 .text          0x00000000        0x0 .\CortexM3\ARM_GCC_541\Debug\RowelFut.a(PWM2.o)
 .data          0x00000000        0x0 .\CortexM3\ARM_GCC_541\Debug\RowelFut.a(PWM2.o)
 .text.PWM2_ReadCapture
                0x00000000        0xc .\CortexM3\ARM_GCC_541\Debug\RowelFut.a(PWM2.o)
 .text.PWM2_ReadCompare
                0x00000000        0xc .\CortexM3\ARM_GCC_541\Debug\RowelFut.a(PWM2.o)
 .text          0x00000000        0x0 .\CortexM3\ARM_GCC_541\Debug\RowelFut.a(PWM2_PM.o)
 .data          0x00000000        0x0 .\CortexM3\ARM_GCC_541\Debug\RowelFut.a(PWM2_PM.o)
 .text          0x00000000        0x0 .\CortexM3\ARM_GCC_541\Debug\RowelFut.a(detectorFaseM2.o)
 .data          0x00000000        0x0 .\CortexM3\ARM_GCC_541\Debug\RowelFut.a(detectorFaseM2.o)
 .bss           0x00000000        0x0 .\CortexM3\ARM_GCC_541\Debug\RowelFut.a(detectorFaseM2.o)
 .text.detectorFaseM2_Write
                0x00000000       0x18 .\CortexM3\ARM_GCC_541\Debug\RowelFut.a(detectorFaseM2.o)
 .text.detectorFaseM2_SetDriveMode
                0x00000000       0x30 .\CortexM3\ARM_GCC_541\Debug\RowelFut.a(detectorFaseM2.o)
 .text.detectorFaseM2_ReadDataReg
                0x00000000       0x10 .\CortexM3\ARM_GCC_541\Debug\RowelFut.a(detectorFaseM2.o)
 .text.detectorFaseM2_SetInterruptMode
                0x00000000       0x38 .\CortexM3\ARM_GCC_541\Debug\RowelFut.a(detectorFaseM2.o)
 .text          0x00000000        0x0 .\CortexM3\ARM_GCC_541\Debug\RowelFut.a(faseM2.o)
 .data          0x00000000        0x0 .\CortexM3\ARM_GCC_541\Debug\RowelFut.a(faseM2.o)
 .bss           0x00000000        0x0 .\CortexM3\ARM_GCC_541\Debug\RowelFut.a(faseM2.o)
 .text.faseM2_Interrupt
                0x00000000        0x4 .\CortexM3\ARM_GCC_541\Debug\RowelFut.a(faseM2.o)
 .text.faseM2_GetVector
                0x00000000        0xc .\CortexM3\ARM_GCC_541\Debug\RowelFut.a(faseM2.o)
 .text.faseM2_GetPriority
                0x00000000        0xc .\CortexM3\ARM_GCC_541\Debug\RowelFut.a(faseM2.o)
 .text.faseM2_GetState
                0x00000000       0x18 .\CortexM3\ARM_GCC_541\Debug\RowelFut.a(faseM2.o)
 .text.faseM2_Start
                0x00000000       0x1c .\CortexM3\ARM_GCC_541\Debug\RowelFut.a(faseM2.o)
 .text.faseM2_Stop
                0x00000000       0x14 .\CortexM3\ARM_GCC_541\Debug\RowelFut.a(faseM2.o)
 .text.faseM2_SetPending
                0x00000000       0x10 .\CortexM3\ARM_GCC_541\Debug\RowelFut.a(faseM2.o)
 .text.faseM2_ClearPending
                0x00000000       0x10 .\CortexM3\ARM_GCC_541\Debug\RowelFut.a(faseM2.o)
 .text          0x00000000        0x0 .\CortexM3\ARM_GCC_541\Debug\RowelFut.a(sentidodegiroM2.o)
 .data          0x00000000        0x0 .\CortexM3\ARM_GCC_541\Debug\RowelFut.a(sentidodegiroM2.o)
 .bss           0x00000000        0x0 .\CortexM3\ARM_GCC_541\Debug\RowelFut.a(sentidodegiroM2.o)
 .text.sentidodegiroM2_SetDriveMode
                0x00000000       0x24 .\CortexM3\ARM_GCC_541\Debug\RowelFut.a(sentidodegiroM2.o)
 .text.sentidodegiroM2_ReadDataReg
                0x00000000       0x10 .\CortexM3\ARM_GCC_541\Debug\RowelFut.a(sentidodegiroM2.o)
 .data          0x00000000        0x0 .\CortexM3\ARM_GCC_541\Debug\RowelFut.a(CyBootAsmGnu.o)
 .bss           0x00000000        0x0 .\CortexM3\ARM_GCC_541\Debug\RowelFut.a(CyBootAsmGnu.o)
 .text          0x00000000        0x0 .\CortexM3\ARM_GCC_541\Debug\RowelFut.a(CyFlash.o)
 .data          0x00000000        0x0 .\CortexM3\ARM_GCC_541\Debug\RowelFut.a(CyFlash.o)
 .bss           0x00000000        0x0 .\CortexM3\ARM_GCC_541\Debug\RowelFut.a(CyFlash.o)
 .text.CyFlashGetSpcAlgorithm
                0x00000000       0x4c .\CortexM3\ARM_GCC_541\Debug\RowelFut.a(CyFlash.o)
 .text.CySetTempInt
                0x00000000       0x60 .\CortexM3\ARM_GCC_541\Debug\RowelFut.a(CyFlash.o)
 .text.CyFlash_Start
                0x00000000       0x54 .\CortexM3\ARM_GCC_541\Debug\RowelFut.a(CyFlash.o)
 .text.CyFlash_Stop
                0x00000000       0x24 .\CortexM3\ARM_GCC_541\Debug\RowelFut.a(CyFlash.o)
 .text.CySetTemp
                0x00000000       0x14 .\CortexM3\ARM_GCC_541\Debug\RowelFut.a(CyFlash.o)
 .text.CySetFlashEEBuffer
                0x00000000       0x20 .\CortexM3\ARM_GCC_541\Debug\RowelFut.a(CyFlash.o)
 .text.CyWriteRowFull
                0x00000000       0xf8 .\CortexM3\ARM_GCC_541\Debug\RowelFut.a(CyFlash.o)
 .text.CyWriteRowData
                0x00000000       0x14 .\CortexM3\ARM_GCC_541\Debug\RowelFut.a(CyFlash.o)
 .text.CyFlash_SetWaitCycles
                0x00000000       0x7c .\CortexM3\ARM_GCC_541\Debug\RowelFut.a(CyFlash.o)
 .text.CyEEPROM_Start
                0x00000000       0x54 .\CortexM3\ARM_GCC_541\Debug\RowelFut.a(CyFlash.o)
 .text.CyEEPROM_Stop
                0x00000000       0x24 .\CortexM3\ARM_GCC_541\Debug\RowelFut.a(CyFlash.o)
 .text.CyEEPROM_ReadReserve
                0x00000000       0x1c .\CortexM3\ARM_GCC_541\Debug\RowelFut.a(CyFlash.o)
 .text.CyEEPROM_ReadRelease
                0x00000000       0x10 .\CortexM3\ARM_GCC_541\Debug\RowelFut.a(CyFlash.o)
 COMMON         0x00000000        0x2 .\CortexM3\ARM_GCC_541\Debug\RowelFut.a(CyFlash.o)
 .text          0x00000000        0x0 .\CortexM3\ARM_GCC_541\Debug\RowelFut.a(CySpc.o)
 .data          0x00000000        0x0 .\CortexM3\ARM_GCC_541\Debug\RowelFut.a(CySpc.o)
 .bss           0x00000000        0x8 .\CortexM3\ARM_GCC_541\Debug\RowelFut.a(CySpc.o)
 .text.CySpcStart
                0x00000000       0x24 .\CortexM3\ARM_GCC_541\Debug\RowelFut.a(CySpc.o)
 .text.CySpcStop
                0x00000000       0x24 .\CortexM3\ARM_GCC_541\Debug\RowelFut.a(CySpc.o)
 .text.CySpcReadData
                0x00000000       0x34 .\CortexM3\ARM_GCC_541\Debug\RowelFut.a(CySpc.o)
 .text.CySpcLoadMultiByte
                0x00000000       0x78 .\CortexM3\ARM_GCC_541\Debug\RowelFut.a(CySpc.o)
 .text.CySpcLoadRow
                0x00000000       0x50 .\CortexM3\ARM_GCC_541\Debug\RowelFut.a(CySpc.o)
 .text.CySpcLoadRowFull
                0x00000000       0x80 .\CortexM3\ARM_GCC_541\Debug\RowelFut.a(CySpc.o)
 .text.CySpcWriteRow
                0x00000000       0x4c .\CortexM3\ARM_GCC_541\Debug\RowelFut.a(CySpc.o)
 .text.CySpcEraseSector
                0x00000000       0x3c .\CortexM3\ARM_GCC_541\Debug\RowelFut.a(CySpc.o)
 .text.CySpcGetTemp
                0x00000000       0x3c .\CortexM3\ARM_GCC_541\Debug\RowelFut.a(CySpc.o)
 .text.CySpcLock
                0x00000000       0x4c .\CortexM3\ARM_GCC_541\Debug\RowelFut.a(CySpc.o)
 .text.CySpcUnlock
                0x00000000       0x38 .\CortexM3\ARM_GCC_541\Debug\RowelFut.a(CySpc.o)
 .text.CySpcGetAlgorithm
                0x00000000       0x28 .\CortexM3\ARM_GCC_541\Debug\RowelFut.a(CySpc.o)
 .text          0x00000000        0x0 i:/programas/x86/cypress/psoc creator/4.1/psoc creator/import/gnu/arm/5.4.1/bin/../lib/gcc/arm-none-eabi/5.4.1/../../../../arm-none-eabi/lib/armv7-m\libg_nano.a(lib_a-errno.o)
 .data          0x00000000        0x0 i:/programas/x86/cypress/psoc creator/4.1/psoc creator/import/gnu/arm/5.4.1/bin/../lib/gcc/arm-none-eabi/5.4.1/../../../../arm-none-eabi/lib/armv7-m\libg_nano.a(lib_a-errno.o)
 .bss           0x00000000        0x0 i:/programas/x86/cypress/psoc creator/4.1/psoc creator/import/gnu/arm/5.4.1/bin/../lib/gcc/arm-none-eabi/5.4.1/../../../../arm-none-eabi/lib/armv7-m\libg_nano.a(lib_a-errno.o)
 .text          0x00000000        0x0 i:/programas/x86/cypress/psoc creator/4.1/psoc creator/import/gnu/arm/5.4.1/bin/../lib/gcc/arm-none-eabi/5.4.1/../../../../arm-none-eabi/lib/armv7-m\libg_nano.a(lib_a-exit.o)
 .data          0x00000000        0x0 i:/programas/x86/cypress/psoc creator/4.1/psoc creator/import/gnu/arm/5.4.1/bin/../lib/gcc/arm-none-eabi/5.4.1/../../../../arm-none-eabi/lib/armv7-m\libg_nano.a(lib_a-exit.o)
 .bss           0x00000000        0x0 i:/programas/x86/cypress/psoc creator/4.1/psoc creator/import/gnu/arm/5.4.1/bin/../lib/gcc/arm-none-eabi/5.4.1/../../../../arm-none-eabi/lib/armv7-m\libg_nano.a(lib_a-exit.o)
 .text.exit     0x00000000       0x28 i:/programas/x86/cypress/psoc creator/4.1/psoc creator/import/gnu/arm/5.4.1/bin/../lib/gcc/arm-none-eabi/5.4.1/../../../../arm-none-eabi/lib/armv7-m\libg_nano.a(lib_a-exit.o)
 .text          0x00000000        0x0 i:/programas/x86/cypress/psoc creator/4.1/psoc creator/import/gnu/arm/5.4.1/bin/../lib/gcc/arm-none-eabi/5.4.1/../../../../arm-none-eabi/lib/armv7-m\libg_nano.a(lib_a-impure.o)
 .data          0x00000000        0x0 i:/programas/x86/cypress/psoc creator/4.1/psoc creator/import/gnu/arm/5.4.1/bin/../lib/gcc/arm-none-eabi/5.4.1/../../../../arm-none-eabi/lib/armv7-m\libg_nano.a(lib_a-impure.o)
 .bss           0x00000000        0x0 i:/programas/x86/cypress/psoc creator/4.1/psoc creator/import/gnu/arm/5.4.1/bin/../lib/gcc/arm-none-eabi/5.4.1/../../../../arm-none-eabi/lib/armv7-m\libg_nano.a(lib_a-impure.o)
 .rodata._global_impure_ptr
                0x00000000        0x4 i:/programas/x86/cypress/psoc creator/4.1/psoc creator/import/gnu/arm/5.4.1/bin/../lib/gcc/arm-none-eabi/5.4.1/../../../../arm-none-eabi/lib/armv7-m\libg_nano.a(lib_a-impure.o)
 .text          0x00000000        0x0 i:/programas/x86/cypress/psoc creator/4.1/psoc creator/import/gnu/arm/5.4.1/bin/../lib/gcc/arm-none-eabi/5.4.1/../../../../arm-none-eabi/lib/armv7-m\libg_nano.a(lib_a-init.o)
 .data          0x00000000        0x0 i:/programas/x86/cypress/psoc creator/4.1/psoc creator/import/gnu/arm/5.4.1/bin/../lib/gcc/arm-none-eabi/5.4.1/../../../../arm-none-eabi/lib/armv7-m\libg_nano.a(lib_a-init.o)
 .bss           0x00000000        0x0 i:/programas/x86/cypress/psoc creator/4.1/psoc creator/import/gnu/arm/5.4.1/bin/../lib/gcc/arm-none-eabi/5.4.1/../../../../arm-none-eabi/lib/armv7-m\libg_nano.a(lib_a-init.o)
 .text          0x00000000        0x0 i:/programas/x86/cypress/psoc creator/4.1/psoc creator/import/gnu/arm/5.4.1/bin/../lib/gcc/arm-none-eabi/5.4.1/../../../../arm-none-eabi/lib/armv7-m\libg_nano.a(lib_a-memcpy-stub.o)
 .data          0x00000000        0x0 i:/programas/x86/cypress/psoc creator/4.1/psoc creator/import/gnu/arm/5.4.1/bin/../lib/gcc/arm-none-eabi/5.4.1/../../../../arm-none-eabi/lib/armv7-m\libg_nano.a(lib_a-memcpy-stub.o)
 .bss           0x00000000        0x0 i:/programas/x86/cypress/psoc creator/4.1/psoc creator/import/gnu/arm/5.4.1/bin/../lib/gcc/arm-none-eabi/5.4.1/../../../../arm-none-eabi/lib/armv7-m\libg_nano.a(lib_a-memcpy-stub.o)
 .text          0x00000000        0x0 i:/programas/x86/cypress/psoc creator/4.1/psoc creator/import/gnu/arm/5.4.1/bin/../lib/gcc/arm-none-eabi/5.4.1/../../../../arm-none-eabi/lib/armv7-m\libg_nano.a(lib_a-memset.o)
 .data          0x00000000        0x0 i:/programas/x86/cypress/psoc creator/4.1/psoc creator/import/gnu/arm/5.4.1/bin/../lib/gcc/arm-none-eabi/5.4.1/../../../../arm-none-eabi/lib/armv7-m\libg_nano.a(lib_a-memset.o)
 .bss           0x00000000        0x0 i:/programas/x86/cypress/psoc creator/4.1/psoc creator/import/gnu/arm/5.4.1/bin/../lib/gcc/arm-none-eabi/5.4.1/../../../../arm-none-eabi/lib/armv7-m\libg_nano.a(lib_a-memset.o)
 .text          0x00000000        0x0 i:/programas/x86/cypress/psoc creator/4.1/psoc creator/import/gnu/arm/5.4.1/bin/../lib/gcc/arm-none-eabi/5.4.1/armv7-m/crtend.o
 .data          0x00000000        0x0 i:/programas/x86/cypress/psoc creator/4.1/psoc creator/import/gnu/arm/5.4.1/bin/../lib/gcc/arm-none-eabi/5.4.1/armv7-m/crtend.o
 .bss           0x00000000        0x0 i:/programas/x86/cypress/psoc creator/4.1/psoc creator/import/gnu/arm/5.4.1/bin/../lib/gcc/arm-none-eabi/5.4.1/armv7-m/crtend.o
 .text          0x00000000        0x0 i:/programas/x86/cypress/psoc creator/4.1/psoc creator/import/gnu/arm/5.4.1/bin/../lib/gcc/arm-none-eabi/5.4.1/armv7-m/crtn.o
 .data          0x00000000        0x0 i:/programas/x86/cypress/psoc creator/4.1/psoc creator/import/gnu/arm/5.4.1/bin/../lib/gcc/arm-none-eabi/5.4.1/armv7-m/crtn.o
 .bss           0x00000000        0x0 i:/programas/x86/cypress/psoc creator/4.1/psoc creator/import/gnu/arm/5.4.1/bin/../lib/gcc/arm-none-eabi/5.4.1/armv7-m/crtn.o

Memory Configuration

Name             Origin             Length             Attributes
rom              0x00000000         0x00040000         xr
ram              0x1fff8000         0x00010000         xrw
*default*        0x00000000         0xffffffff

Linker script and memory map

LOAD i:/programas/x86/cypress/psoc creator/4.1/psoc creator/import/gnu/arm/5.4.1/bin/../lib/gcc/arm-none-eabi/5.4.1/armv7-m/crti.o
LOAD i:/programas/x86/cypress/psoc creator/4.1/psoc creator/import/gnu/arm/5.4.1/bin/../lib/gcc/arm-none-eabi/5.4.1/armv7-m/crtbegin.o
LOAD i:/programas/x86/cypress/psoc creator/4.1/psoc creator/import/gnu/arm/5.4.1/bin/../lib/gcc/arm-none-eabi/5.4.1/../../../../arm-none-eabi/lib/armv7-m/crt0.o
START GROUP
LOAD .\CortexM3\ARM_GCC_541\Debug\main.o
LOAD .\CortexM3\ARM_GCC_541\Debug\cyfitter_cfg.o
LOAD .\CortexM3\ARM_GCC_541\Debug\cymetadata.o
LOAD .\CortexM3\ARM_GCC_541\Debug\Cm3Start.o
LOAD .\CortexM3\ARM_GCC_541\Debug\RowelFut.a
LOAD I:\Programas\x86\Cypress\PSoC Creator\4.1\PSoC Creator\psoc\content\cycomponentlibrary\CyComponentLibrary.cylib\CortexM3\ARM_GCC_541\Debug\CyComponentLibrary.a
END GROUP
START GROUP
LOAD i:/programas/x86/cypress/psoc creator/4.1/psoc creator/import/gnu/arm/5.4.1/bin/../lib/gcc/arm-none-eabi/5.4.1/armv7-m\libgcc.a
LOAD i:/programas/x86/cypress/psoc creator/4.1/psoc creator/import/gnu/arm/5.4.1/bin/../lib/gcc/arm-none-eabi/5.4.1/../../../../arm-none-eabi/lib/armv7-m\libg_nano.a
LOAD i:/programas/x86/cypress/psoc creator/4.1/psoc creator/import/gnu/arm/5.4.1/bin/../lib/gcc/arm-none-eabi/5.4.1/../../../../arm-none-eabi/lib/armv7-m\libc_nano.a
END GROUP
START GROUP
LOAD i:/programas/x86/cypress/psoc creator/4.1/psoc creator/import/gnu/arm/5.4.1/bin/../lib/gcc/arm-none-eabi/5.4.1/armv7-m\libgcc.a
LOAD i:/programas/x86/cypress/psoc creator/4.1/psoc creator/import/gnu/arm/5.4.1/bin/../lib/gcc/arm-none-eabi/5.4.1/../../../../arm-none-eabi/lib/armv7-m\libc_nano.a
END GROUP
LOAD i:/programas/x86/cypress/psoc creator/4.1/psoc creator/import/gnu/arm/5.4.1/bin/../lib/gcc/arm-none-eabi/5.4.1/armv7-m/crtend.o
LOAD i:/programas/x86/cypress/psoc creator/4.1/psoc creator/import/gnu/arm/5.4.1/bin/../lib/gcc/arm-none-eabi/5.4.1/armv7-m/crtn.o
START GROUP
LOAD i:/programas/x86/cypress/psoc creator/4.1/psoc creator/import/gnu/arm/5.4.1/bin/../lib/gcc/arm-none-eabi/5.4.1/armv7-m\libgcc.a
LOAD i:/programas/x86/cypress/psoc creator/4.1/psoc creator/import/gnu/arm/5.4.1/bin/../lib/gcc/arm-none-eabi/5.4.1/../../../../arm-none-eabi/lib/armv7-m\libc.a
LOAD i:/programas/x86/cypress/psoc creator/4.1/psoc creator/import/gnu/arm/5.4.1/bin/../lib/gcc/arm-none-eabi/5.4.1/../../../../arm-none-eabi/lib/armv7-m\libnosys.a
END GROUP
                0x00000000                CY_APPL_ORIGIN = 0x0
                0x00000100                CY_FLASH_ROW_SIZE = 0x100
                0x00000020                CY_ECC_ROW_SIZE = 0x20
                0x00000000                CY_EE_IN_BTLDR = 0x0
                0x00000000                CY_APPL_LOADABLE = 0x0
                0x00000800                CY_EE_SIZE = 0x800
                0x00000001                CY_APPL_NUM = 0x1
                0x00000001                CY_APPL_MAX = 0x1
                0x00000040                CY_METADATA_SIZE = 0x40
                0x00000000                CY_APPL_LOADABLE = 0x0
                0x00000000                CY_CHECKSUM_EXCLUDE_SIZE = ALIGN (0x0, CY_FLASH_ROW_SIZE)
                [!provide]                PROVIDE (__cy_heap_start, _end)
                0x00000001                PROVIDE (__cy_region_num, ((__cy_regions_end - __cy_regions) / 0x10))
                0x20008000                PROVIDE (__cy_stack, (ORIGIN (ram) + LENGTH (ram)))
                [!provide]                PROVIDE (__cy_heap_end, (__cy_stack - 0x800))

.cybootloader   0x00000000        0x0
 *(.cybootloader)
                0x00000000                appl1_start = CY_APPL_ORIGIN?CY_APPL_ORIGIN:ALIGN (CY_FLASH_ROW_SIZE)
                0x0001ff00                appl2_start = (appl1_start + ALIGN ((((LENGTH (rom) - appl1_start) - (0x2 * CY_FLASH_ROW_SIZE)) / 0x2), CY_FLASH_ROW_SIZE))
                0x00000000                appl_start = (CY_APPL_NUM == 0x1)?appl1_start:appl2_start
                0x00000000                ecc_offset = ((appl_start / CY_FLASH_ROW_SIZE) * CY_ECC_ROW_SIZE)
                0x00000000                ee_offset = (CY_APPL_LOADABLE && ! (CY_EE_IN_BTLDR))?((CY_EE_SIZE / CY_APPL_MAX) * (CY_APPL_NUM - 0x1)):0x0
                0x00000800                ee_size = (CY_APPL_LOADABLE && ! (CY_EE_IN_BTLDR))?(CY_EE_SIZE / CY_APPL_MAX):CY_EE_SIZE
                [!provide]                PROVIDE (CY_ECC_OFFSET, ecc_offset)

.text           0x00000000      0xb56
 CREATE_OBJECT_SYMBOLS
                0x00000000                PROVIDE (__cy_interrupt_vector, RomVectors)
 *(.romvectors)
 .romvectors    0x00000000       0x10 .\CortexM3\ARM_GCC_541\Debug\Cm3Start.o
                0x00000000                RomVectors
                0x00000001                ASSERT ((. != __cy_interrupt_vector), No interrupt vector)
                0x00000001                ASSERT (CY_APPL_ORIGIN?(SIZEOF (.cybootloader) <= CY_APPL_ORIGIN):0x1, Wrong image location)
                0x00000010                PROVIDE (__cy_reset, Reset)
 *(.text.Reset)
 .text.Reset    0x00000010       0x18 .\CortexM3\ARM_GCC_541\Debug\Cm3Start.o
                0x00000010                Reset
                0x00000001                ASSERT ((. != __cy_reset), No reset code)
 *(.dma_init)
                0x00000001                ASSERT ((((appl_start + .) <= 0x10000) || 0x1), DMA Init must be within the first 64k of flash)
 *(.text .text.* .gnu.linkonce.t.*)
 .text          0x00000028       0x5c i:/programas/x86/cypress/psoc creator/4.1/psoc creator/import/gnu/arm/5.4.1/bin/../lib/gcc/arm-none-eabi/5.4.1/armv7-m/crtbegin.o
 .text.detectarfase1
                0x00000084       0xdc .\CortexM3\ARM_GCC_541\Debug\main.o
                0x00000084                detectarfase1
 .text.detectarfase2
                0x00000160       0xd8 .\CortexM3\ARM_GCC_541\Debug\main.o
                0x00000160                detectarfase2
 .text.main     0x00000238       0xc4 .\CortexM3\ARM_GCC_541\Debug\main.o
                0x00000238                main
 .text.CyClockStartupError
                0x000002fc        0x4 .\CortexM3\ARM_GCC_541\Debug\cyfitter_cfg.o
 .text.cfg_write_bytes32
                0x00000300       0x34 .\CortexM3\ARM_GCC_541\Debug\cyfitter_cfg.o
 .text.AnalogSetDefault
                0x00000334       0x28 .\CortexM3\ARM_GCC_541\Debug\cyfitter_cfg.o
 .text.CYMEMZERO
                0x0000035c        0xc .\CortexM3\ARM_GCC_541\Debug\cyfitter_cfg.o
 .text.ClockSetup
                0x00000368       0xe0 .\CortexM3\ARM_GCC_541\Debug\cyfitter_cfg.o
 .text.CYCONFIGCPY
                0x00000448        0x8 .\CortexM3\ARM_GCC_541\Debug\cyfitter_cfg.o
 .text.cyfitter_cfg
                0x00000450      0x144 .\CortexM3\ARM_GCC_541\Debug\cyfitter_cfg.o
                0x00000450                cyfitter_cfg
 .text.IntDefaultHandler
                0x00000594       0x10 .\CortexM3\ARM_GCC_541\Debug\Cm3Start.o
                0x00000594                IntDefaultHandler
 .text.Start_c  0x000005a4       0x4c .\CortexM3\ARM_GCC_541\Debug\Cm3Start.o
                0x000005a4                Start_c
 .text.initialize_psoc
                0x000005f0       0x68 .\CortexM3\ARM_GCC_541\Debug\Cm3Start.o
                0x000005f0                initialize_psoc
 .text.CyDelay  0x00000658       0x2c .\CortexM3\ARM_GCC_541\Debug\RowelFut.a(CyLib.o)
                0x00000658                CyDelay
 .text.LED_Write
                0x00000684       0x18 .\CortexM3\ARM_GCC_541\Debug\RowelFut.a(LED.o)
                0x00000684                LED_Write
 .text.Motor2_Write
                0x0000069c       0x18 .\CortexM3\ARM_GCC_541\Debug\RowelFut.a(Motor2.o)
                0x0000069c                Motor2_Write
 .text.Motor1_Write
                0x000006b4       0x18 .\CortexM3\ARM_GCC_541\Debug\RowelFut.a(Motor1.o)
                0x000006b4                Motor1_Write
 .text.detectorFaseM1_Read
                0x000006cc       0x10 .\CortexM3\ARM_GCC_541\Debug\RowelFut.a(detectorFaseM1.o)
                0x000006cc                detectorFaseM1_Read
 .text.detectorFaseM1_ClearInterrupt
                0x000006dc       0x10 .\CortexM3\ARM_GCC_541\Debug\RowelFut.a(detectorFaseM1.o)
                0x000006dc                detectorFaseM1_ClearInterrupt
 .text.faseM1_SetVector
                0x000006ec        0xc .\CortexM3\ARM_GCC_541\Debug\RowelFut.a(faseM1.o)
                0x000006ec                faseM1_SetVector
 .text.faseM1_SetPriority
                0x000006f8       0x10 .\CortexM3\ARM_GCC_541\Debug\RowelFut.a(faseM1.o)
                0x000006f8                faseM1_SetPriority
 .text.faseM1_Enable
                0x00000708        0xc .\CortexM3\ARM_GCC_541\Debug\RowelFut.a(faseM1.o)
                0x00000708                faseM1_Enable
 .text.faseM1_Disable
                0x00000714        0xc .\CortexM3\ARM_GCC_541\Debug\RowelFut.a(faseM1.o)
                0x00000714                faseM1_Disable
 .text.faseM1_StartEx
                0x00000720       0x1c .\CortexM3\ARM_GCC_541\Debug\RowelFut.a(faseM1.o)
                0x00000720                faseM1_StartEx
 .text.sentidodegiroM1_Write
                0x0000073c       0x18 .\CortexM3\ARM_GCC_541\Debug\RowelFut.a(sentidodegiroM1.o)
                0x0000073c                sentidodegiroM1_Write
 .text.sentidodegiroM1_Read
                0x00000754       0x10 .\CortexM3\ARM_GCC_541\Debug\RowelFut.a(sentidodegiroM1.o)
                0x00000754                sentidodegiroM1_Read
 .text.PWM1_Enable
                0x00000764       0x10 .\CortexM3\ARM_GCC_541\Debug\RowelFut.a(PWM1.o)
                0x00000764                PWM1_Enable
 .text.PWM1_Stop
                0x00000774       0x10 .\CortexM3\ARM_GCC_541\Debug\RowelFut.a(PWM1.o)
                0x00000774                PWM1_Stop
 .text.PWM1_WriteCounter
                0x00000784        0xc .\CortexM3\ARM_GCC_541\Debug\RowelFut.a(PWM1.o)
                0x00000784                PWM1_WriteCounter
 .text.PWM1_ReadCounter
                0x00000790       0x14 .\CortexM3\ARM_GCC_541\Debug\RowelFut.a(PWM1.o)
                0x00000790                PWM1_ReadCounter
 .text.PWM1_WritePeriod
                0x000007a4        0xc .\CortexM3\ARM_GCC_541\Debug\RowelFut.a(PWM1.o)
                0x000007a4                PWM1_WritePeriod
 .text.PWM1_WriteCompare
                0x000007b0        0xc .\CortexM3\ARM_GCC_541\Debug\RowelFut.a(PWM1.o)
                0x000007b0                PWM1_WriteCompare
 .text.PWM1_Init
                0x000007bc       0x44 .\CortexM3\ARM_GCC_541\Debug\RowelFut.a(PWM1.o)
                0x000007bc                PWM1_Init
 .text.PWM1_Start
                0x00000800       0x1c .\CortexM3\ARM_GCC_541\Debug\RowelFut.a(PWM1.o)
                0x00000800                PWM1_Start
 .text.PWM1_ReadControlRegister
                0x0000081c        0xc .\CortexM3\ARM_GCC_541\Debug\RowelFut.a(PWM1.o)
                0x0000081c                PWM1_ReadControlRegister
 .text.PWM1_WriteControlRegister
                0x00000828        0xc .\CortexM3\ARM_GCC_541\Debug\RowelFut.a(PWM1.o)
                0x00000828                PWM1_WriteControlRegister
 .text.PWM1_ReadPeriod
                0x00000834        0xc .\CortexM3\ARM_GCC_541\Debug\RowelFut.a(PWM1.o)
                0x00000834                PWM1_ReadPeriod
 .text.PWM1_SaveConfig
                0x00000840       0x1c .\CortexM3\ARM_GCC_541\Debug\RowelFut.a(PWM1_PM.o)
                0x00000840                PWM1_SaveConfig
 .text.PWM1_RestoreConfig
                0x0000085c       0x1c .\CortexM3\ARM_GCC_541\Debug\RowelFut.a(PWM1_PM.o)
                0x0000085c                PWM1_RestoreConfig
 .text.PWM1_Sleep
                0x00000878       0x2c .\CortexM3\ARM_GCC_541\Debug\RowelFut.a(PWM1_PM.o)
                0x00000878                PWM1_Sleep
 .text.PWM1_Wakeup
                0x000008a4       0x18 .\CortexM3\ARM_GCC_541\Debug\RowelFut.a(PWM1_PM.o)
                0x000008a4                PWM1_Wakeup
 .text.PWM2_Enable
                0x000008bc       0x10 .\CortexM3\ARM_GCC_541\Debug\RowelFut.a(PWM2.o)
                0x000008bc                PWM2_Enable
 .text.PWM2_Stop
                0x000008cc       0x10 .\CortexM3\ARM_GCC_541\Debug\RowelFut.a(PWM2.o)
                0x000008cc                PWM2_Stop
 .text.PWM2_WriteCounter
                0x000008dc        0xc .\CortexM3\ARM_GCC_541\Debug\RowelFut.a(PWM2.o)
                0x000008dc                PWM2_WriteCounter
 .text.PWM2_ReadCounter
                0x000008e8       0x14 .\CortexM3\ARM_GCC_541\Debug\RowelFut.a(PWM2.o)
                0x000008e8                PWM2_ReadCounter
 .text.PWM2_WritePeriod
                0x000008fc        0xc .\CortexM3\ARM_GCC_541\Debug\RowelFut.a(PWM2.o)
                0x000008fc                PWM2_WritePeriod
 .text.PWM2_WriteCompare
                0x00000908        0xc .\CortexM3\ARM_GCC_541\Debug\RowelFut.a(PWM2.o)
                0x00000908                PWM2_WriteCompare
 .text.PWM2_Init
                0x00000914       0x44 .\CortexM3\ARM_GCC_541\Debug\RowelFut.a(PWM2.o)
                0x00000914                PWM2_Init
 .text.PWM2_Start
                0x00000958       0x1c .\CortexM3\ARM_GCC_541\Debug\RowelFut.a(PWM2.o)
                0x00000958                PWM2_Start
 .text.PWM2_ReadControlRegister
                0x00000974        0xc .\CortexM3\ARM_GCC_541\Debug\RowelFut.a(PWM2.o)
                0x00000974                PWM2_ReadControlRegister
 .text.PWM2_WriteControlRegister
                0x00000980        0xc .\CortexM3\ARM_GCC_541\Debug\RowelFut.a(PWM2.o)
                0x00000980                PWM2_WriteControlRegister
 .text.PWM2_ReadPeriod
                0x0000098c        0xc .\CortexM3\ARM_GCC_541\Debug\RowelFut.a(PWM2.o)
                0x0000098c                PWM2_ReadPeriod
 .text.PWM2_SaveConfig
                0x00000998       0x1c .\CortexM3\ARM_GCC_541\Debug\RowelFut.a(PWM2_PM.o)
                0x00000998                PWM2_SaveConfig
 .text.PWM2_RestoreConfig
                0x000009b4       0x1c .\CortexM3\ARM_GCC_541\Debug\RowelFut.a(PWM2_PM.o)
                0x000009b4                PWM2_RestoreConfig
 .text.PWM2_Sleep
                0x000009d0       0x2c .\CortexM3\ARM_GCC_541\Debug\RowelFut.a(PWM2_PM.o)
                0x000009d0                PWM2_Sleep
 .text.PWM2_Wakeup
                0x000009fc       0x18 .\CortexM3\ARM_GCC_541\Debug\RowelFut.a(PWM2_PM.o)
                0x000009fc                PWM2_Wakeup
 .text.detectorFaseM2_Read
                0x00000a14       0x10 .\CortexM3\ARM_GCC_541\Debug\RowelFut.a(detectorFaseM2.o)
                0x00000a14                detectorFaseM2_Read
 .text.detectorFaseM2_ClearInterrupt
                0x00000a24       0x10 .\CortexM3\ARM_GCC_541\Debug\RowelFut.a(detectorFaseM2.o)
                0x00000a24                detectorFaseM2_ClearInterrupt
 .text.faseM2_SetVector
                0x00000a34        0xc .\CortexM3\ARM_GCC_541\Debug\RowelFut.a(faseM2.o)
                0x00000a34                faseM2_SetVector
 .text.faseM2_SetPriority
                0x00000a40       0x10 .\CortexM3\ARM_GCC_541\Debug\RowelFut.a(faseM2.o)
                0x00000a40                faseM2_SetPriority
 .text.faseM2_Enable
                0x00000a50       0x10 .\CortexM3\ARM_GCC_541\Debug\RowelFut.a(faseM2.o)
                0x00000a50                faseM2_Enable
 .text.faseM2_Disable
                0x00000a60       0x10 .\CortexM3\ARM_GCC_541\Debug\RowelFut.a(faseM2.o)
                0x00000a60                faseM2_Disable
 .text.faseM2_StartEx
                0x00000a70       0x1c .\CortexM3\ARM_GCC_541\Debug\RowelFut.a(faseM2.o)
                0x00000a70                faseM2_StartEx
 .text.sentidodegiroM2_Write
                0x00000a8c       0x18 .\CortexM3\ARM_GCC_541\Debug\RowelFut.a(sentidodegiroM2.o)
                0x00000a8c                sentidodegiroM2_Write
 .text.sentidodegiroM2_Read
                0x00000aa4       0x10 .\CortexM3\ARM_GCC_541\Debug\RowelFut.a(sentidodegiroM2.o)
                0x00000aa4                sentidodegiroM2_Read
 *fill*         0x00000ab4        0x4 
 .text          0x00000ab8       0x20 .\CortexM3\ARM_GCC_541\Debug\RowelFut.a(CyBootAsmGnu.o)
                0x00000ab8                CyDelayCycles
                0x00000ac8                CyEnterCriticalSection
                0x00000ad0                CyExitCriticalSection
 .text.__errno  0x00000ad8        0xc i:/programas/x86/cypress/psoc creator/4.1/psoc creator/import/gnu/arm/5.4.1/bin/../lib/gcc/arm-none-eabi/5.4.1/../../../../arm-none-eabi/lib/armv7-m\libg_nano.a(lib_a-errno.o)
                0x00000ad8                __errno
 .text.__libc_init_array
                0x00000ae4       0x4c i:/programas/x86/cypress/psoc creator/4.1/psoc creator/import/gnu/arm/5.4.1/bin/../lib/gcc/arm-none-eabi/5.4.1/../../../../arm-none-eabi/lib/armv7-m\libg_nano.a(lib_a-init.o)
                0x00000ae4                __libc_init_array
 .text.memcpy   0x00000b30       0x16 i:/programas/x86/cypress/psoc creator/4.1/psoc creator/import/gnu/arm/5.4.1/bin/../lib/gcc/arm-none-eabi/5.4.1/../../../../arm-none-eabi/lib/armv7-m\libg_nano.a(lib_a-memcpy-stub.o)
                0x00000b30                memcpy
 .text.memset   0x00000b46       0x10 i:/programas/x86/cypress/psoc creator/4.1/psoc creator/import/gnu/arm/5.4.1/bin/../lib/gcc/arm-none-eabi/5.4.1/../../../../arm-none-eabi/lib/armv7-m\libg_nano.a(lib_a-memset.o)
                0x00000b46                memset
 *(.plt)
 *(.gnu.warning)
 *(.glue_7t)
 .glue_7t       0x00000b56        0x0 linker stubs
 *(.glue_7)
 .glue_7        0x00000b56        0x0 linker stubs
 *(.vfp11_veneer)
 .vfp11_veneer  0x00000b56        0x0 linker stubs
 *(.bootloader)
 *(.ARM.extab* .gnu.linkonce.armextab.*)
 *(.gcc_except_table)

.v4_bx          0x00000b58        0x0
 .v4_bx         0x00000b58        0x0 linker stubs

.iplt           0x00000b58        0x0
 .iplt          0x00000b58        0x0 i:/programas/x86/cypress/psoc creator/4.1/psoc creator/import/gnu/arm/5.4.1/bin/../lib/gcc/arm-none-eabi/5.4.1/armv7-m/crtbegin.o

.eh_frame_hdr
 *(.eh_frame_hdr)

.eh_frame       0x00000b58        0x4
 *(.eh_frame)
 .eh_frame      0x00000b58        0x0 i:/programas/x86/cypress/psoc creator/4.1/psoc creator/import/gnu/arm/5.4.1/bin/../lib/gcc/arm-none-eabi/5.4.1/armv7-m/crtbegin.o
 .eh_frame      0x00000b58        0x4 i:/programas/x86/cypress/psoc creator/4.1/psoc creator/import/gnu/arm/5.4.1/bin/../lib/gcc/arm-none-eabi/5.4.1/armv7-m/crtend.o
                [!provide]                PROVIDE (__exidx_start, .)

.ARM.exidx
 *(.ARM.exidx* .gnu.linkonce.armexidx.*)
                0x00000b5c                __exidx_end = .

.rodata         0x00000b5c       0x64
 *(.rodata .rodata.* .gnu.linkonce.r.*)
 .rodata        0x00000b5c       0x2e .\CortexM3\ARM_GCC_541\Debug\cyfitter_cfg.o
 .rodata.str1.1
                0x00000b8a        0x2 i:/programas/x86/cypress/psoc creator/4.1/psoc creator/import/gnu/arm/5.4.1/bin/../lib/gcc/arm-none-eabi/5.4.1/../../../../arm-none-eabi/lib/armv7-m\libg_nano.a(lib_a-impure.o)
                0x00000b8c                . = ALIGN (0x4)
 *(.init)
 .init          0x00000b8c        0x4 i:/programas/x86/cypress/psoc creator/4.1/psoc creator/import/gnu/arm/5.4.1/bin/../lib/gcc/arm-none-eabi/5.4.1/armv7-m/crti.o
                0x00000b8c                _init
 .init          0x00000b90        0x8 i:/programas/x86/cypress/psoc creator/4.1/psoc creator/import/gnu/arm/5.4.1/bin/../lib/gcc/arm-none-eabi/5.4.1/armv7-m/crtn.o
                0x00000b98                . = ALIGN (0x4)
                0x00000b98                __preinit_array_start = .
 *(.preinit_array)
                0x00000b98                __preinit_array_end = .
                0x00000b98                . = ALIGN (0x4)
                0x00000b98                __init_array_start = .
 *(SORT(.init_array.*))
 *(.init_array)
 .init_array    0x00000b98        0x4 i:/programas/x86/cypress/psoc creator/4.1/psoc creator/import/gnu/arm/5.4.1/bin/../lib/gcc/arm-none-eabi/5.4.1/armv7-m/crtbegin.o
 .init_array    0x00000b9c        0x4 .\CortexM3\ARM_GCC_541\Debug\Cm3Start.o
                0x00000ba0                __init_array_end = .
                0x00000ba0                . = ALIGN (0x4)
 *(.fini)
 .fini          0x00000ba0        0x4 i:/programas/x86/cypress/psoc creator/4.1/psoc creator/import/gnu/arm/5.4.1/bin/../lib/gcc/arm-none-eabi/5.4.1/armv7-m/crti.o
                0x00000ba0                _fini
 .fini          0x00000ba4        0x8 i:/programas/x86/cypress/psoc creator/4.1/psoc creator/import/gnu/arm/5.4.1/bin/../lib/gcc/arm-none-eabi/5.4.1/armv7-m/crtn.o
                0x00000bac                . = ALIGN (0x4)
                0x00000bac                __fini_array_start = .
 *(.fini_array)
 .fini_array    0x00000bac        0x4 i:/programas/x86/cypress/psoc creator/4.1/psoc creator/import/gnu/arm/5.4.1/bin/../lib/gcc/arm-none-eabi/5.4.1/armv7-m/crtbegin.o
 *(SORT(.fini_array.*))
                0x00000bb0                __fini_array_end = .
                0x00000bb0                . = ALIGN (0x4)
 *crtbegin.o(.ctors)
 *(EXCLUDE_FILE(*crtend.o) .ctors)
 *(SORT(.ctors.*))
 *crtend.o(.ctors)
                0x00000bb0                . = ALIGN (0x4)
 *crtbegin.o(.dtors)
 *(EXCLUDE_FILE(*crtend.o) .dtors)
 *(SORT(.dtors.*))
 *crtend.o(.dtors)
                0x00000bb0                . = ALIGN (0x4)
                0x00000bb0                __cy_regions = .
                0x00000bb0        0x4 LONG 0xbc0 __cy_region_init_ram
                0x00000bb4        0x4 LONG 0x1fff80c8 __cy_region_start_data
                0x00000bb8        0x4 LONG 0x78 __cy_region_init_size_ram
                0x00000bbc        0x4 LONG 0x68 __cy_region_zero_size_ram
                0x00000bc0                __cy_regions_end = .
                0x00000bc0                . = ALIGN (0x8)
                0x00000bc0                _etext = .

.cy_checksum_exclude
                0x00000bc0        0x0
 *(.cy_checksum_exclude)

.ramvectors     0x1fff8000       0xc0
                0x1fff8000                __cy_region_start_ram = .
 *(.ramvectors)
 .ramvectors    0x1fff8000       0xc0 .\CortexM3\ARM_GCC_541\Debug\Cm3Start.o
                0x1fff8000                CyRamVectors

.noinit         0x1fff80c0        0x1
 *(.noinit)
 .noinit        0x1fff80c0        0x1 .\CortexM3\ARM_GCC_541\Debug\RowelFut.a(CyLib.o)
                0x1fff80c0                CyResetStatus

.data           0x1fff80c8       0x78 load address 0x00000bc0
                0x1fff80c8                __cy_region_start_data = .
 *(.jcr)
 .jcr           0x1fff80c8        0x0 i:/programas/x86/cypress/psoc creator/4.1/psoc creator/import/gnu/arm/5.4.1/bin/../lib/gcc/arm-none-eabi/5.4.1/armv7-m/crtbegin.o
 .jcr           0x1fff80c8        0x4 i:/programas/x86/cypress/psoc creator/4.1/psoc creator/import/gnu/arm/5.4.1/bin/../lib/gcc/arm-none-eabi/5.4.1/armv7-m/crtend.o
 *(.got.plt)
 *(.got)
 *(.shdata)
 *(.data .data.* .gnu.linkonce.d.*)
 .data          0x1fff80cc       0x10 .\CortexM3\ARM_GCC_541\Debug\RowelFut.a(CyLib.o)
                0x1fff80cc                cydelay_32k_ms
                0x1fff80d0                cydelay_freq_khz
                0x1fff80d4                cydelay_freq_mhz
                0x1fff80d8                cydelay_freq_hz
 .data.impure_data
                0x1fff80dc       0x60 i:/programas/x86/cypress/psoc creator/4.1/psoc creator/import/gnu/arm/5.4.1/bin/../lib/gcc/arm-none-eabi/5.4.1/../../../../arm-none-eabi/lib/armv7-m\libg_nano.a(lib_a-impure.o)
 .data._impure_ptr
                0x1fff813c        0x4 i:/programas/x86/cypress/psoc creator/4.1/psoc creator/import/gnu/arm/5.4.1/bin/../lib/gcc/arm-none-eabi/5.4.1/../../../../arm-none-eabi/lib/armv7-m\libg_nano.a(lib_a-impure.o)
                0x1fff813c                _impure_ptr
                0x1fff8140                . = ALIGN (0x8)
 *(.ram)
                0x1fff8140                _edata = .

.igot.plt       0x1fff8140        0x0 load address 0x00000c38
 .igot.plt      0x1fff8140        0x0 i:/programas/x86/cypress/psoc creator/4.1/psoc creator/import/gnu/arm/5.4.1/bin/../lib/gcc/arm-none-eabi/5.4.1/armv7-m/crtbegin.o

.bss            0x1fff8140       0x68 load address 0x00000c38
                0x1fff8140                PROVIDE (__bss_start__, .)
 *(.shbss)
 *(.bss .bss.* .gnu.linkonce.b.*)
 .bss           0x1fff8140       0x1c i:/programas/x86/cypress/psoc creator/4.1/psoc creator/import/gnu/arm/5.4.1/bin/../lib/gcc/arm-none-eabi/5.4.1/armv7-m/crtbegin.o
 .bss           0x1fff815c        0x8 .\CortexM3\ARM_GCC_541\Debug\main.o
                0x1fff815c                contador
                0x1fff8160                velocidad
 .bss           0x1fff8164        0x1 .\CortexM3\ARM_GCC_541\Debug\RowelFut.a(PWM1.o)
                0x1fff8164                PWM1_initVar
 *fill*         0x1fff8165        0x3 
 .bss           0x1fff8168        0x8 .\CortexM3\ARM_GCC_541\Debug\RowelFut.a(PWM1_PM.o)
 .bss           0x1fff8170        0x1 .\CortexM3\ARM_GCC_541\Debug\RowelFut.a(PWM2.o)
                0x1fff8170                PWM2_initVar
 *fill*         0x1fff8171        0x3 
 .bss           0x1fff8174        0x8 .\CortexM3\ARM_GCC_541\Debug\RowelFut.a(PWM2_PM.o)
 *(COMMON)
 COMMON         0x1fff817c       0x25 .\CortexM3\ARM_GCC_541\Debug\main.o
                0x1fff817c                Periodo
                0x1fff817e                iniciarPWM
                0x1fff8180                faseMotor1
                0x1fff8184                p
                0x1fff8186                P_teclado1
                0x1fff8188                sentidoGiro
                0x1fff818c                faseMotor2
                0x1fff8190                jugador
                0x1fff8192                tiempoReposoMotores
                0x1fff8194                P_teclado
                0x1fff8196                P_teclado2
                0x1fff8198                a
                0x1fff819a                e
                0x1fff819c                M1
                0x1fff819e                M2
                0x1fff81a0                testigoPWM
                0x1fff81a8                . = ALIGN (0x8)
 *fill*         0x1fff81a1        0x7 
 *(.ram.b)
                0x1fff81a8                _end = .
                0x1fff81a8                __end = .
                0x1fff81a8                PROVIDE (end, .)
                0x1fff81a8                PROVIDE (__bss_end__, .)
                0x00000bc0                __cy_region_init_ram = LOADADDR (.data)
                0x00000078                __cy_region_init_size_ram = (_edata - ADDR (.data))
                0x00000068                __cy_region_zero_size_ram = (_end - _edata)

.heap           0x1fff81a8       0x80 load address 0x00000c38
                0x1fff81a8                . = _end
                0x1fff8228                . = (. + 0x80)
 *fill*         0x1fff81a8       0x80 
                0x1fff8228                __cy_heap_limit = .

.stack          0x20007800      0x800
                0x20007800                __cy_stack_limit = .
                0x20008000                . = (. + 0x800)
 *fill*         0x20007800      0x800 
                0x00000001                ASSERT ((__cy_stack_limit >= __cy_heap_limit), region RAM overflowed with stack)
                0x00000000                cy_checksum_exclude_size = (CY_APPL_LOADABLE == 0x1)?SIZEOF (.cy_checksum_exclude):0x0
                0x00000001                ASSERT ((cy_checksum_exclude_size <= CY_CHECKSUM_EXCLUDE_SIZE), CY_BOOT: Section .cy_checksum_exclude size exceedes specified limit.)

.cyloadermeta
 *(.cyloadermeta)

.cyloadablemeta
 *(.cyloadablemeta)

.cyconfigecc    0x80000000      0x390
 *(.cyconfigecc)
 .cyconfigecc   0x80000000      0x390 .\CortexM3\ARM_GCC_541\Debug\cymetadata.o
                0x80000000                cy_meta_configecc

.cycustnvl      0x90000000        0x4
 *(.cycustnvl)
 .cycustnvl     0x90000000        0x4 .\CortexM3\ARM_GCC_541\Debug\cymetadata.o
                0x90000000                cy_meta_custnvl

.cywolatch      0x90100000        0x4
 *(.cywolatch)
 .cywolatch     0x90100000        0x4 .\CortexM3\ARM_GCC_541\Debug\cymetadata.o
                0x90100000                cy_meta_wonvl

.cyeeprom       0x90200000        0x0
 *(.cyeeprom)
                0x00000001                ASSERT ((. <= ((0x90200000 + ee_offset) + ee_size)), .cyeeprom data will not fit in EEPROM)

.cyflashprotect
                0x90400000      0x100
 *(.cyflashprotect)
 .cyflashprotect
                0x90400000      0x100 .\CortexM3\ARM_GCC_541\Debug\cymetadata.o
                0x90400000                cy_meta_flashprotect

.cymeta         0x90500000        0xc
 *(.cymeta)
 .cymeta        0x90500000        0xc .\CortexM3\ARM_GCC_541\Debug\cymetadata.o
                0x90500000                cy_metadata

.rel.dyn        0x00000c38        0x0 load address 0x9050000c
 .rel.iplt      0x00000c38        0x0 i:/programas/x86/cypress/psoc creator/4.1/psoc creator/import/gnu/arm/5.4.1/bin/../lib/gcc/arm-none-eabi/5.4.1/armv7-m/crtbegin.o

.stab
 *(.stab)

.stabstr
 *(.stabstr)

.debug
 *(.debug)

.line
 *(.line)

.debug_srcinfo
 *(.debug_srcinfo)

.debug_sfnames
 *(.debug_sfnames)

.debug_aranges  0x00000000      0x950
 *(.debug_aranges)
 .debug_aranges
                0x00000000       0x30 .\CortexM3\ARM_GCC_541\Debug\main.o
 .debug_aranges
                0x00000030       0x58 .\CortexM3\ARM_GCC_541\Debug\cyfitter_cfg.o
 .debug_aranges
                0x00000088       0x18 .\CortexM3\ARM_GCC_541\Debug\cymetadata.o
 .debug_aranges
                0x000000a0       0x48 .\CortexM3\ARM_GCC_541\Debug\Cm3Start.o
 .debug_aranges
                0x000000e8      0x2a0 .\CortexM3\ARM_GCC_541\Debug\RowelFut.a(CyLib.o)
 .debug_aranges
                0x00000388       0x98 .\CortexM3\ARM_GCC_541\Debug\RowelFut.a(cyPm.o)
 .debug_aranges
                0x00000420       0x38 .\CortexM3\ARM_GCC_541\Debug\RowelFut.a(LED.o)
 .debug_aranges
                0x00000458       0x38 .\CortexM3\ARM_GCC_541\Debug\RowelFut.a(Motor2.o)
 .debug_aranges
                0x00000490       0x38 .\CortexM3\ARM_GCC_541\Debug\RowelFut.a(Motor1.o)
 .debug_aranges
                0x000004c8       0x48 .\CortexM3\ARM_GCC_541\Debug\RowelFut.a(detectorFaseM1.o)
 .debug_aranges
                0x00000510       0x80 .\CortexM3\ARM_GCC_541\Debug\RowelFut.a(faseM1.o)
 .debug_aranges
                0x00000590       0x38 .\CortexM3\ARM_GCC_541\Debug\RowelFut.a(sentidodegiroM1.o)
 .debug_aranges
                0x000005c8       0x80 .\CortexM3\ARM_GCC_541\Debug\RowelFut.a(PWM1.o)
 .debug_aranges
                0x00000648       0x38 .\CortexM3\ARM_GCC_541\Debug\RowelFut.a(PWM1_PM.o)
 .debug_aranges
                0x00000680       0x80 .\CortexM3\ARM_GCC_541\Debug\RowelFut.a(PWM2.o)
 .debug_aranges
                0x00000700       0x38 .\CortexM3\ARM_GCC_541\Debug\RowelFut.a(PWM2_PM.o)
 .debug_aranges
                0x00000738       0x48 .\CortexM3\ARM_GCC_541\Debug\RowelFut.a(detectorFaseM2.o)
 .debug_aranges
                0x00000780       0x80 .\CortexM3\ARM_GCC_541\Debug\RowelFut.a(faseM2.o)
 .debug_aranges
                0x00000800       0x38 .\CortexM3\ARM_GCC_541\Debug\RowelFut.a(sentidodegiroM2.o)
 .debug_aranges
                0x00000838       0x20 .\CortexM3\ARM_GCC_541\Debug\RowelFut.a(CyBootAsmGnu.o)
 .debug_aranges
                0x00000858       0x80 .\CortexM3\ARM_GCC_541\Debug\RowelFut.a(CyFlash.o)
 .debug_aranges
                0x000008d8       0x78 .\CortexM3\ARM_GCC_541\Debug\RowelFut.a(CySpc.o)

.debug_pubnames
 *(.debug_pubnames)

.debug_info     0x00000000     0x5078
 *(.debug_info .gnu.linkonce.wi.*)
 .debug_info    0x00000000      0x540 .\CortexM3\ARM_GCC_541\Debug\main.o
 .debug_info    0x00000540      0x603 .\CortexM3\ARM_GCC_541\Debug\cyfitter_cfg.o
 .debug_info    0x00000b43      0x135 .\CortexM3\ARM_GCC_541\Debug\cymetadata.o
 .debug_info    0x00000c78      0x3bb .\CortexM3\ARM_GCC_541\Debug\Cm3Start.o
 .debug_info    0x00001033     0x1374 .\CortexM3\ARM_GCC_541\Debug\RowelFut.a(CyLib.o)
 .debug_info    0x000023a7      0xa2a .\CortexM3\ARM_GCC_541\Debug\RowelFut.a(cyPm.o)
 .debug_info    0x00002dd1      0x11f .\CortexM3\ARM_GCC_541\Debug\RowelFut.a(LED.o)
 .debug_info    0x00002ef0      0x11f .\CortexM3\ARM_GCC_541\Debug\RowelFut.a(Motor2.o)
 .debug_info    0x0000300f      0x11f .\CortexM3\ARM_GCC_541\Debug\RowelFut.a(Motor1.o)
 .debug_info    0x0000312e      0x174 .\CortexM3\ARM_GCC_541\Debug\RowelFut.a(detectorFaseM1.o)
 .debug_info    0x000032a2      0x2d2 .\CortexM3\ARM_GCC_541\Debug\RowelFut.a(faseM1.o)
 .debug_info    0x00003574      0x11f .\CortexM3\ARM_GCC_541\Debug\RowelFut.a(sentidodegiroM1.o)
 .debug_info    0x00003693      0x297 .\CortexM3\ARM_GCC_541\Debug\RowelFut.a(PWM1.o)
 .debug_info    0x0000392a      0x217 .\CortexM3\ARM_GCC_541\Debug\RowelFut.a(PWM1_PM.o)
 .debug_info    0x00003b41      0x297 .\CortexM3\ARM_GCC_541\Debug\RowelFut.a(PWM2.o)
 .debug_info    0x00003dd8      0x217 .\CortexM3\ARM_GCC_541\Debug\RowelFut.a(PWM2_PM.o)
 .debug_info    0x00003fef      0x174 .\CortexM3\ARM_GCC_541\Debug\RowelFut.a(detectorFaseM2.o)
 .debug_info    0x00004163      0x2d2 .\CortexM3\ARM_GCC_541\Debug\RowelFut.a(faseM2.o)
 .debug_info    0x00004435      0x11f .\CortexM3\ARM_GCC_541\Debug\RowelFut.a(sentidodegiroM2.o)
 .debug_info    0x00004554       0x83 .\CortexM3\ARM_GCC_541\Debug\RowelFut.a(CyBootAsmGnu.o)
 .debug_info    0x000045d7      0x5b8 .\CortexM3\ARM_GCC_541\Debug\RowelFut.a(CyFlash.o)
 .debug_info    0x00004b8f      0x4e9 .\CortexM3\ARM_GCC_541\Debug\RowelFut.a(CySpc.o)

.debug_abbrev   0x00000000     0x1728
 *(.debug_abbrev)
 .debug_abbrev  0x00000000      0x106 .\CortexM3\ARM_GCC_541\Debug\main.o
 .debug_abbrev  0x00000106      0x20d .\CortexM3\ARM_GCC_541\Debug\cyfitter_cfg.o
 .debug_abbrev  0x00000313       0x66 .\CortexM3\ARM_GCC_541\Debug\cymetadata.o
 .debug_abbrev  0x00000379      0x1e8 .\CortexM3\ARM_GCC_541\Debug\Cm3Start.o
 .debug_abbrev  0x00000561      0x254 .\CortexM3\ARM_GCC_541\Debug\RowelFut.a(CyLib.o)
 .debug_abbrev  0x000007b5      0x1ab .\CortexM3\ARM_GCC_541\Debug\RowelFut.a(cyPm.o)
 .debug_abbrev  0x00000960       0x90 .\CortexM3\ARM_GCC_541\Debug\RowelFut.a(LED.o)
 .debug_abbrev  0x000009f0       0x90 .\CortexM3\ARM_GCC_541\Debug\RowelFut.a(Motor2.o)
 .debug_abbrev  0x00000a80       0x90 .\CortexM3\ARM_GCC_541\Debug\RowelFut.a(Motor1.o)
 .debug_abbrev  0x00000b10       0x90 .\CortexM3\ARM_GCC_541\Debug\RowelFut.a(detectorFaseM1.o)
 .debug_abbrev  0x00000ba0      0x173 .\CortexM3\ARM_GCC_541\Debug\RowelFut.a(faseM1.o)
 .debug_abbrev  0x00000d13       0x90 .\CortexM3\ARM_GCC_541\Debug\RowelFut.a(sentidodegiroM1.o)
 .debug_abbrev  0x00000da3      0x12d .\CortexM3\ARM_GCC_541\Debug\RowelFut.a(PWM1.o)
 .debug_abbrev  0x00000ed0       0xac .\CortexM3\ARM_GCC_541\Debug\RowelFut.a(PWM1_PM.o)
 .debug_abbrev  0x00000f7c      0x12d .\CortexM3\ARM_GCC_541\Debug\RowelFut.a(PWM2.o)
 .debug_abbrev  0x000010a9       0xac .\CortexM3\ARM_GCC_541\Debug\RowelFut.a(PWM2_PM.o)
 .debug_abbrev  0x00001155       0x90 .\CortexM3\ARM_GCC_541\Debug\RowelFut.a(detectorFaseM2.o)
 .debug_abbrev  0x000011e5      0x173 .\CortexM3\ARM_GCC_541\Debug\RowelFut.a(faseM2.o)
 .debug_abbrev  0x00001358       0x90 .\CortexM3\ARM_GCC_541\Debug\RowelFut.a(sentidodegiroM2.o)
 .debug_abbrev  0x000013e8       0x14 .\CortexM3\ARM_GCC_541\Debug\RowelFut.a(CyBootAsmGnu.o)
 .debug_abbrev  0x000013fc      0x198 .\CortexM3\ARM_GCC_541\Debug\RowelFut.a(CyFlash.o)
 .debug_abbrev  0x00001594      0x194 .\CortexM3\ARM_GCC_541\Debug\RowelFut.a(CySpc.o)

.debug_line     0x00000000     0x22a0
 *(.debug_line)
 .debug_line    0x00000000      0x299 .\CortexM3\ARM_GCC_541\Debug\main.o
 .debug_line    0x00000299      0x1f6 .\CortexM3\ARM_GCC_541\Debug\cyfitter_cfg.o
 .debug_line    0x0000048f      0x135 .\CortexM3\ARM_GCC_541\Debug\cymetadata.o
 .debug_line    0x000005c4      0x228 .\CortexM3\ARM_GCC_541\Debug\Cm3Start.o
 .debug_line    0x000007ec      0x816 .\CortexM3\ARM_GCC_541\Debug\RowelFut.a(CyLib.o)
 .debug_line    0x00001002      0x367 .\CortexM3\ARM_GCC_541\Debug\RowelFut.a(cyPm.o)
 .debug_line    0x00001369       0x90 .\CortexM3\ARM_GCC_541\Debug\RowelFut.a(LED.o)
 .debug_line    0x000013f9       0x94 .\CortexM3\ARM_GCC_541\Debug\RowelFut.a(Motor2.o)
 .debug_line    0x0000148d       0x94 .\CortexM3\ARM_GCC_541\Debug\RowelFut.a(Motor1.o)
 .debug_line    0x00001521       0xc5 .\CortexM3\ARM_GCC_541\Debug\RowelFut.a(detectorFaseM1.o)
 .debug_line    0x000015e6      0x133 .\CortexM3\ARM_GCC_541\Debug\RowelFut.a(faseM1.o)
 .debug_line    0x00001719       0x9d .\CortexM3\ARM_GCC_541\Debug\RowelFut.a(sentidodegiroM1.o)
 .debug_line    0x000017b6      0x13c .\CortexM3\ARM_GCC_541\Debug\RowelFut.a(PWM1.o)
 .debug_line    0x000018f2       0xa9 .\CortexM3\ARM_GCC_541\Debug\RowelFut.a(PWM1_PM.o)
 .debug_line    0x0000199b      0x13c .\CortexM3\ARM_GCC_541\Debug\RowelFut.a(PWM2.o)
 .debug_line    0x00001ad7       0xa9 .\CortexM3\ARM_GCC_541\Debug\RowelFut.a(PWM2_PM.o)
 .debug_line    0x00001b80       0xc5 .\CortexM3\ARM_GCC_541\Debug\RowelFut.a(detectorFaseM2.o)
 .debug_line    0x00001c45      0x133 .\CortexM3\ARM_GCC_541\Debug\RowelFut.a(faseM2.o)
 .debug_line    0x00001d78       0x9d .\CortexM3\ARM_GCC_541\Debug\RowelFut.a(sentidodegiroM2.o)
 .debug_line    0x00001e15       0x66 .\CortexM3\ARM_GCC_541\Debug\RowelFut.a(CyBootAsmGnu.o)
 .debug_line    0x00001e7b      0x1e9 .\CortexM3\ARM_GCC_541\Debug\RowelFut.a(CyFlash.o)
 .debug_line    0x00002064      0x23c .\CortexM3\ARM_GCC_541\Debug\RowelFut.a(CySpc.o)

.debug_frame    0x00000000     0x1628
 *(.debug_frame)
 .debug_frame   0x00000000       0x64 .\CortexM3\ARM_GCC_541\Debug\main.o
 .debug_frame   0x00000064       0xe4 .\CortexM3\ARM_GCC_541\Debug\cyfitter_cfg.o
 .debug_frame   0x00000148       0xb8 .\CortexM3\ARM_GCC_541\Debug\Cm3Start.o
 .debug_frame   0x00000200      0x738 .\CortexM3\ARM_GCC_541\Debug\RowelFut.a(CyLib.o)
 .debug_frame   0x00000938      0x1f8 .\CortexM3\ARM_GCC_541\Debug\RowelFut.a(cyPm.o)
 .debug_frame   0x00000b30       0x50 .\CortexM3\ARM_GCC_541\Debug\RowelFut.a(LED.o)
 .debug_frame   0x00000b80       0x50 .\CortexM3\ARM_GCC_541\Debug\RowelFut.a(Motor2.o)
 .debug_frame   0x00000bd0       0x50 .\CortexM3\ARM_GCC_541\Debug\RowelFut.a(Motor1.o)
 .debug_frame   0x00000c20       0x70 .\CortexM3\ARM_GCC_541\Debug\RowelFut.a(detectorFaseM1.o)
 .debug_frame   0x00000c90      0x104 .\CortexM3\ARM_GCC_541\Debug\RowelFut.a(faseM1.o)
 .debug_frame   0x00000d94       0x50 .\CortexM3\ARM_GCC_541\Debug\RowelFut.a(sentidodegiroM1.o)
 .debug_frame   0x00000de4       0xf8 .\CortexM3\ARM_GCC_541\Debug\RowelFut.a(PWM1.o)
 .debug_frame   0x00000edc       0x80 .\CortexM3\ARM_GCC_541\Debug\RowelFut.a(PWM1_PM.o)
 .debug_frame   0x00000f5c       0xf8 .\CortexM3\ARM_GCC_541\Debug\RowelFut.a(PWM2.o)
 .debug_frame   0x00001054       0x80 .\CortexM3\ARM_GCC_541\Debug\RowelFut.a(PWM2_PM.o)
 .debug_frame   0x000010d4       0x70 .\CortexM3\ARM_GCC_541\Debug\RowelFut.a(detectorFaseM2.o)
 .debug_frame   0x00001144      0x104 .\CortexM3\ARM_GCC_541\Debug\RowelFut.a(faseM2.o)
 .debug_frame   0x00001248       0x50 .\CortexM3\ARM_GCC_541\Debug\RowelFut.a(sentidodegiroM2.o)
 .debug_frame   0x00001298      0x174 .\CortexM3\ARM_GCC_541\Debug\RowelFut.a(CyFlash.o)
 .debug_frame   0x0000140c      0x160 .\CortexM3\ARM_GCC_541\Debug\RowelFut.a(CySpc.o)
 .debug_frame   0x0000156c       0x20 i:/programas/x86/cypress/psoc creator/4.1/psoc creator/import/gnu/arm/5.4.1/bin/../lib/gcc/arm-none-eabi/5.4.1/../../../../arm-none-eabi/lib/armv7-m\libg_nano.a(lib_a-errno.o)
 .debug_frame   0x0000158c       0x28 i:/programas/x86/cypress/psoc creator/4.1/psoc creator/import/gnu/arm/5.4.1/bin/../lib/gcc/arm-none-eabi/5.4.1/../../../../arm-none-eabi/lib/armv7-m\libg_nano.a(lib_a-exit.o)
 .debug_frame   0x000015b4       0x2c i:/programas/x86/cypress/psoc creator/4.1/psoc creator/import/gnu/arm/5.4.1/bin/../lib/gcc/arm-none-eabi/5.4.1/../../../../arm-none-eabi/lib/armv7-m\libg_nano.a(lib_a-init.o)
 .debug_frame   0x000015e0       0x28 i:/programas/x86/cypress/psoc creator/4.1/psoc creator/import/gnu/arm/5.4.1/bin/../lib/gcc/arm-none-eabi/5.4.1/../../../../arm-none-eabi/lib/armv7-m\libg_nano.a(lib_a-memcpy-stub.o)
 .debug_frame   0x00001608       0x20 i:/programas/x86/cypress/psoc creator/4.1/psoc creator/import/gnu/arm/5.4.1/bin/../lib/gcc/arm-none-eabi/5.4.1/../../../../arm-none-eabi/lib/armv7-m\libg_nano.a(lib_a-memset.o)

.debug_str      0x00000000     0x1c8c
 *(.debug_str)
 .debug_str     0x00000000      0x3ae .\CortexM3\ARM_GCC_541\Debug\main.o
                                0x3fc (size before relaxing)
 .debug_str     0x000003ae      0x1a3 .\CortexM3\ARM_GCC_541\Debug\cyfitter_cfg.o
                                0x337 (size before relaxing)
 .debug_str     0x00000551       0x7f .\CortexM3\ARM_GCC_541\Debug\cymetadata.o
                                0x1d7 (size before relaxing)
 .debug_str     0x000005d0      0x144 .\CortexM3\ARM_GCC_541\Debug\Cm3Start.o
                                0x2fd (size before relaxing)
 .debug_str     0x00000714      0x84c .\CortexM3\ARM_GCC_541\Debug\RowelFut.a(CyLib.o)
                                0xa3a (size before relaxing)
 .debug_str     0x00000f60      0x365 .\CortexM3\ARM_GCC_541\Debug\RowelFut.a(cyPm.o)
                                0x726 (size before relaxing)
 .debug_str     0x000012c5       0x52 .\CortexM3\ARM_GCC_541\Debug\RowelFut.a(LED.o)
                                0x1cb (size before relaxing)
 .debug_str     0x00001317       0x53 .\CortexM3\ARM_GCC_541\Debug\RowelFut.a(Motor2.o)
                                0x1da (size before relaxing)
 .debug_str     0x0000136a       0x53 .\CortexM3\ARM_GCC_541\Debug\RowelFut.a(Motor1.o)
                                0x1da (size before relaxing)
 .debug_str     0x000013bd       0x9d .\CortexM3\ARM_GCC_541\Debug\RowelFut.a(detectorFaseM1.o)
                                0x250 (size before relaxing)
 .debug_str     0x0000145a       0xe5 .\CortexM3\ARM_GCC_541\Debug\RowelFut.a(faseM1.o)
                                0x2a7 (size before relaxing)
 .debug_str     0x0000153f       0x62 .\CortexM3\ARM_GCC_541\Debug\RowelFut.a(sentidodegiroM1.o)
                                0x207 (size before relaxing)
 .debug_str     0x000015a1       0xfe .\CortexM3\ARM_GCC_541\Debug\RowelFut.a(PWM1.o)
                                0x2b2 (size before relaxing)
 .debug_str     0x0000169f       0x95 .\CortexM3\ARM_GCC_541\Debug\RowelFut.a(PWM1_PM.o)
                                0x2b9 (size before relaxing)
 .debug_str     0x00001734       0xd3 .\CortexM3\ARM_GCC_541\Debug\RowelFut.a(PWM2.o)
                                0x2b2 (size before relaxing)
 .debug_str     0x00001807       0x62 .\CortexM3\ARM_GCC_541\Debug\RowelFut.a(PWM2_PM.o)
                                0x2b9 (size before relaxing)
 .debug_str     0x00001869       0x94 .\CortexM3\ARM_GCC_541\Debug\RowelFut.a(detectorFaseM2.o)
                                0x250 (size before relaxing)
 .debug_str     0x000018fd       0xe5 .\CortexM3\ARM_GCC_541\Debug\RowelFut.a(faseM2.o)
                                0x2a7 (size before relaxing)
 .debug_str     0x000019e2       0x62 .\CortexM3\ARM_GCC_541\Debug\RowelFut.a(sentidodegiroM2.o)
                                0x207 (size before relaxing)
 .debug_str     0x00001a44      0x19c .\CortexM3\ARM_GCC_541\Debug\RowelFut.a(CyFlash.o)
                                0x394 (size before relaxing)
 .debug_str     0x00001be0       0xac .\CortexM3\ARM_GCC_541\Debug\RowelFut.a(CySpc.o)
                                0x31d (size before relaxing)

.debug_loc      0x00000000     0x1c61
 *(.debug_loc)
 .debug_loc     0x00000000       0x6c .\CortexM3\ARM_GCC_541\Debug\main.o
 .debug_loc     0x0000006c      0x259 .\CortexM3\ARM_GCC_541\Debug\cyfitter_cfg.o
 .debug_loc     0x000002c5      0x144 .\CortexM3\ARM_GCC_541\Debug\Cm3Start.o
 .debug_loc     0x00000409      0xa11 .\CortexM3\ARM_GCC_541\Debug\RowelFut.a(CyLib.o)
 .debug_loc     0x00000e1a      0x1e4 .\CortexM3\ARM_GCC_541\Debug\RowelFut.a(cyPm.o)
 .debug_loc     0x00000ffe       0x42 .\CortexM3\ARM_GCC_541\Debug\RowelFut.a(LED.o)
 .debug_loc     0x00001040       0x42 .\CortexM3\ARM_GCC_541\Debug\RowelFut.a(Motor2.o)
 .debug_loc     0x00001082       0x42 .\CortexM3\ARM_GCC_541\Debug\RowelFut.a(Motor1.o)
 .debug_loc     0x000010c4       0x84 .\CortexM3\ARM_GCC_541\Debug\RowelFut.a(detectorFaseM1.o)
 .debug_loc     0x00001148       0x56 .\CortexM3\ARM_GCC_541\Debug\RowelFut.a(faseM1.o)
 .debug_loc     0x0000119e       0x42 .\CortexM3\ARM_GCC_541\Debug\RowelFut.a(sentidodegiroM1.o)
 .debug_loc     0x000011e0       0x13 .\CortexM3\ARM_GCC_541\Debug\RowelFut.a(PWM1.o)
 .debug_loc     0x000011f3       0x13 .\CortexM3\ARM_GCC_541\Debug\RowelFut.a(PWM2.o)
 .debug_loc     0x00001206       0x84 .\CortexM3\ARM_GCC_541\Debug\RowelFut.a(detectorFaseM2.o)
 .debug_loc     0x0000128a       0x56 .\CortexM3\ARM_GCC_541\Debug\RowelFut.a(faseM2.o)
 .debug_loc     0x000012e0       0x42 .\CortexM3\ARM_GCC_541\Debug\RowelFut.a(sentidodegiroM2.o)
 .debug_loc     0x00001322      0x2f2 .\CortexM3\ARM_GCC_541\Debug\RowelFut.a(CyFlash.o)
 .debug_loc     0x00001614      0x64d .\CortexM3\ARM_GCC_541\Debug\RowelFut.a(CySpc.o)

.debug_macinfo
 *(.debug_macinfo)

.debug_ranges   0x00000000      0x7d8
 *(.debug_ranges)
 .debug_ranges  0x00000000       0x20 .\CortexM3\ARM_GCC_541\Debug\main.o
 .debug_ranges  0x00000020       0x48 .\CortexM3\ARM_GCC_541\Debug\cyfitter_cfg.o
 .debug_ranges  0x00000068       0x38 .\CortexM3\ARM_GCC_541\Debug\Cm3Start.o
 .debug_ranges  0x000000a0      0x290 .\CortexM3\ARM_GCC_541\Debug\RowelFut.a(CyLib.o)
 .debug_ranges  0x00000330       0x88 .\CortexM3\ARM_GCC_541\Debug\RowelFut.a(cyPm.o)
 .debug_ranges  0x000003b8       0x28 .\CortexM3\ARM_GCC_541\Debug\RowelFut.a(LED.o)
 .debug_ranges  0x000003e0       0x28 .\CortexM3\ARM_GCC_541\Debug\RowelFut.a(Motor2.o)
 .debug_ranges  0x00000408       0x28 .\CortexM3\ARM_GCC_541\Debug\RowelFut.a(Motor1.o)
 .debug_ranges  0x00000430       0x38 .\CortexM3\ARM_GCC_541\Debug\RowelFut.a(detectorFaseM1.o)
 .debug_ranges  0x00000468       0x70 .\CortexM3\ARM_GCC_541\Debug\RowelFut.a(faseM1.o)
 .debug_ranges  0x000004d8       0x28 .\CortexM3\ARM_GCC_541\Debug\RowelFut.a(sentidodegiroM1.o)
 .debug_ranges  0x00000500       0x70 .\CortexM3\ARM_GCC_541\Debug\RowelFut.a(PWM1.o)
 .debug_ranges  0x00000570       0x28 .\CortexM3\ARM_GCC_541\Debug\RowelFut.a(PWM1_PM.o)
 .debug_ranges  0x00000598       0x70 .\CortexM3\ARM_GCC_541\Debug\RowelFut.a(PWM2.o)
 .debug_ranges  0x00000608       0x28 .\CortexM3\ARM_GCC_541\Debug\RowelFut.a(PWM2_PM.o)
 .debug_ranges  0x00000630       0x38 .\CortexM3\ARM_GCC_541\Debug\RowelFut.a(detectorFaseM2.o)
 .debug_ranges  0x00000668       0x70 .\CortexM3\ARM_GCC_541\Debug\RowelFut.a(faseM2.o)
 .debug_ranges  0x000006d8       0x28 .\CortexM3\ARM_GCC_541\Debug\RowelFut.a(sentidodegiroM2.o)
 .debug_ranges  0x00000700       0x70 .\CortexM3\ARM_GCC_541\Debug\RowelFut.a(CyFlash.o)
 .debug_ranges  0x00000770       0x68 .\CortexM3\ARM_GCC_541\Debug\RowelFut.a(CySpc.o)

.comment        0x00000000       0x6e
 .comment       0x00000000       0x6e .\CortexM3\ARM_GCC_541\Debug\main.o
                                 0x6f (size before relaxing)
 .comment       0x0000006e       0x6f .\CortexM3\ARM_GCC_541\Debug\cyfitter_cfg.o
 .comment       0x0000006e       0x6f .\CortexM3\ARM_GCC_541\Debug\cymetadata.o
 .comment       0x0000006e       0x6f .\CortexM3\ARM_GCC_541\Debug\Cm3Start.o
 .comment       0x0000006e       0x6f .\CortexM3\ARM_GCC_541\Debug\RowelFut.a(CyLib.o)
 .comment       0x0000006e       0x6f .\CortexM3\ARM_GCC_541\Debug\RowelFut.a(cyPm.o)
 .comment       0x0000006e       0x6f .\CortexM3\ARM_GCC_541\Debug\RowelFut.a(LED.o)
 .comment       0x0000006e       0x6f .\CortexM3\ARM_GCC_541\Debug\RowelFut.a(Motor2.o)
 .comment       0x0000006e       0x6f .\CortexM3\ARM_GCC_541\Debug\RowelFut.a(Motor1.o)
 .comment       0x0000006e       0x6f .\CortexM3\ARM_GCC_541\Debug\RowelFut.a(detectorFaseM1.o)
 .comment       0x0000006e       0x6f .\CortexM3\ARM_GCC_541\Debug\RowelFut.a(faseM1.o)
 .comment       0x0000006e       0x6f .\CortexM3\ARM_GCC_541\Debug\RowelFut.a(sentidodegiroM1.o)
 .comment       0x0000006e       0x6f .\CortexM3\ARM_GCC_541\Debug\RowelFut.a(PWM1.o)
 .comment       0x0000006e       0x6f .\CortexM3\ARM_GCC_541\Debug\RowelFut.a(PWM1_PM.o)
 .comment       0x0000006e       0x6f .\CortexM3\ARM_GCC_541\Debug\RowelFut.a(PWM2.o)
 .comment       0x0000006e       0x6f .\CortexM3\ARM_GCC_541\Debug\RowelFut.a(PWM2_PM.o)
 .comment       0x0000006e       0x6f .\CortexM3\ARM_GCC_541\Debug\RowelFut.a(detectorFaseM2.o)
 .comment       0x0000006e       0x6f .\CortexM3\ARM_GCC_541\Debug\RowelFut.a(faseM2.o)
 .comment       0x0000006e       0x6f .\CortexM3\ARM_GCC_541\Debug\RowelFut.a(sentidodegiroM2.o)
 .comment       0x0000006e       0x6f .\CortexM3\ARM_GCC_541\Debug\RowelFut.a(CyFlash.o)
 .comment       0x0000006e       0x6f .\CortexM3\ARM_GCC_541\Debug\RowelFut.a(CySpc.o)

.debug_weaknames
 *(.debug_weaknames)

.debug_funcnames
 *(.debug_funcnames)

.debug_typenames
 *(.debug_typenames)

.debug_varnames
 *(.debug_varnames)

.note.gnu.arm.ident
 *(.note.gnu.arm.ident)

.ARM.attributes
                0x00000000       0x29
 *(.ARM.attributes)
 .ARM.attributes
                0x00000000       0x1d i:/programas/x86/cypress/psoc creator/4.1/psoc creator/import/gnu/arm/5.4.1/bin/../lib/gcc/arm-none-eabi/5.4.1/armv7-m/crti.o
 .ARM.attributes
                0x0000001d       0x2d i:/programas/x86/cypress/psoc creator/4.1/psoc creator/import/gnu/arm/5.4.1/bin/../lib/gcc/arm-none-eabi/5.4.1/armv7-m/crtbegin.o
 .ARM.attributes
                0x0000004a       0x1b i:/programas/x86/cypress/psoc creator/4.1/psoc creator/import/gnu/arm/5.4.1/bin/../lib/gcc/arm-none-eabi/5.4.1/../../../../arm-none-eabi/lib/armv7-m/crt0.o
 .ARM.attributes
                0x00000065       0x33 .\CortexM3\ARM_GCC_541\Debug\main.o
 .ARM.attributes
                0x00000098       0x33 .\CortexM3\ARM_GCC_541\Debug\cyfitter_cfg.o
 .ARM.attributes
                0x000000cb       0x33 .\CortexM3\ARM_GCC_541\Debug\cymetadata.o
 .ARM.attributes
                0x000000fe       0x33 .\CortexM3\ARM_GCC_541\Debug\Cm3Start.o
 .ARM.attributes
                0x00000131       0x33 .\CortexM3\ARM_GCC_541\Debug\RowelFut.a(CyLib.o)
 .ARM.attributes
                0x00000164       0x33 .\CortexM3\ARM_GCC_541\Debug\RowelFut.a(cyPm.o)
 .ARM.attributes
                0x00000197       0x33 .\CortexM3\ARM_GCC_541\Debug\RowelFut.a(LED.o)
 .ARM.attributes
                0x000001ca       0x33 .\CortexM3\ARM_GCC_541\Debug\RowelFut.a(Motor2.o)
 .ARM.attributes
                0x000001fd       0x33 .\CortexM3\ARM_GCC_541\Debug\RowelFut.a(Motor1.o)
 .ARM.attributes
                0x00000230       0x33 .\CortexM3\ARM_GCC_541\Debug\RowelFut.a(detectorFaseM1.o)
 .ARM.attributes
                0x00000263       0x33 .\CortexM3\ARM_GCC_541\Debug\RowelFut.a(faseM1.o)
 .ARM.attributes
                0x00000296       0x33 .\CortexM3\ARM_GCC_541\Debug\RowelFut.a(sentidodegiroM1.o)
 .ARM.attributes
                0x000002c9       0x33 .\CortexM3\ARM_GCC_541\Debug\RowelFut.a(PWM1.o)
 .ARM.attributes
                0x000002fc       0x33 .\CortexM3\ARM_GCC_541\Debug\RowelFut.a(PWM1_PM.o)
 .ARM.attributes
                0x0000032f       0x33 .\CortexM3\ARM_GCC_541\Debug\RowelFut.a(PWM2.o)
 .ARM.attributes
                0x00000362       0x33 .\CortexM3\ARM_GCC_541\Debug\RowelFut.a(PWM2_PM.o)
 .ARM.attributes
                0x00000395       0x33 .\CortexM3\ARM_GCC_541\Debug\RowelFut.a(detectorFaseM2.o)
 .ARM.attributes
                0x000003c8       0x33 .\CortexM3\ARM_GCC_541\Debug\RowelFut.a(faseM2.o)
 .ARM.attributes
                0x000003fb       0x33 .\CortexM3\ARM_GCC_541\Debug\RowelFut.a(sentidodegiroM2.o)
 .ARM.attributes
                0x0000042e       0x21 .\CortexM3\ARM_GCC_541\Debug\RowelFut.a(CyBootAsmGnu.o)
 .ARM.attributes
                0x0000044f       0x33 .\CortexM3\ARM_GCC_541\Debug\RowelFut.a(CyFlash.o)
 .ARM.attributes
                0x00000482       0x33 .\CortexM3\ARM_GCC_541\Debug\RowelFut.a(CySpc.o)
 .ARM.attributes
                0x000004b5       0x2d i:/programas/x86/cypress/psoc creator/4.1/psoc creator/import/gnu/arm/5.4.1/bin/../lib/gcc/arm-none-eabi/5.4.1/../../../../arm-none-eabi/lib/armv7-m\libg_nano.a(lib_a-errno.o)
 .ARM.attributes
                0x000004e2       0x2d i:/programas/x86/cypress/psoc creator/4.1/psoc creator/import/gnu/arm/5.4.1/bin/../lib/gcc/arm-none-eabi/5.4.1/../../../../arm-none-eabi/lib/armv7-m\libg_nano.a(lib_a-exit.o)
 .ARM.attributes
                0x0000050f       0x2d i:/programas/x86/cypress/psoc creator/4.1/psoc creator/import/gnu/arm/5.4.1/bin/../lib/gcc/arm-none-eabi/5.4.1/../../../../arm-none-eabi/lib/armv7-m\libg_nano.a(lib_a-impure.o)
 .ARM.attributes
                0x0000053c       0x2d i:/programas/x86/cypress/psoc creator/4.1/psoc creator/import/gnu/arm/5.4.1/bin/../lib/gcc/arm-none-eabi/5.4.1/../../../../arm-none-eabi/lib/armv7-m\libg_nano.a(lib_a-init.o)
 .ARM.attributes
                0x00000569       0x2d i:/programas/x86/cypress/psoc creator/4.1/psoc creator/import/gnu/arm/5.4.1/bin/../lib/gcc/arm-none-eabi/5.4.1/../../../../arm-none-eabi/lib/armv7-m\libg_nano.a(lib_a-memcpy-stub.o)
 .ARM.attributes
                0x00000596       0x2d i:/programas/x86/cypress/psoc creator/4.1/psoc creator/import/gnu/arm/5.4.1/bin/../lib/gcc/arm-none-eabi/5.4.1/../../../../arm-none-eabi/lib/armv7-m\libg_nano.a(lib_a-memset.o)
 .ARM.attributes
                0x000005c3       0x2d i:/programas/x86/cypress/psoc creator/4.1/psoc creator/import/gnu/arm/5.4.1/bin/../lib/gcc/arm-none-eabi/5.4.1/armv7-m/crtend.o
 .ARM.attributes
                0x000005f0       0x1d i:/programas/x86/cypress/psoc creator/4.1/psoc creator/import/gnu/arm/5.4.1/bin/../lib/gcc/arm-none-eabi/5.4.1/armv7-m/crtn.o

/DISCARD/
 *(.note.GNU-stack)
OUTPUT(C:\Users\Rowel\Desktop\v05-2\RowelFut\RowelFut.cydsn\CortexM3\ARM_GCC_541\Debug\RowelFut.elf elf32-littlearm)
